Archive member included to satisfy reference by file (symbol)

I:/arm-gnu-toolchain-13.2.rel1-mingw-w64-i686-arm-none-eabi/arm-gnu-toolchain-13.2.Rel1-mingw-w64-i686-arm-none-eabi/bin/../lib/gcc/arm-none-eabi/13.2.1/thumb/v7-m/nofp\libgcc.a(_arm_muldf3.o)
                              CMakeFiles/C8T6_Balance.elf.dir/M_Algorithm/openmv_1.c.obj (__aeabi_dmul)
I:/arm-gnu-toolchain-13.2.rel1-mingw-w64-i686-arm-none-eabi/arm-gnu-toolchain-13.2.Rel1-mingw-w64-i686-arm-none-eabi/bin/../lib/gcc/arm-none-eabi/13.2.1/thumb/v7-m/nofp\libgcc.a(_arm_mulsf3.o)
                              CMakeFiles/C8T6_Balance.elf.dir/M_Algorithm/sg90_arm.c.obj (__aeabi_fmul)
I:/arm-gnu-toolchain-13.2.rel1-mingw-w64-i686-arm-none-eabi/arm-gnu-toolchain-13.2.Rel1-mingw-w64-i686-arm-none-eabi/bin/../lib/gcc/arm-none-eabi/13.2.1/thumb/v7-m/nofp\libgcc.a(_arm_addsubdf3.o)
                              CMakeFiles/C8T6_Balance.elf.dir/M_Algorithm/sg90_arm.c.obj (__aeabi_dsub)
I:/arm-gnu-toolchain-13.2.rel1-mingw-w64-i686-arm-none-eabi/arm-gnu-toolchain-13.2.Rel1-mingw-w64-i686-arm-none-eabi/bin/../lib/gcc/arm-none-eabi/13.2.1/thumb/v7-m/nofp\libgcc.a(_arm_muldivdf3.o)
                              CMakeFiles/C8T6_Balance.elf.dir/M_Algorithm/sg90_arm.c.obj (__aeabi_ddiv)
I:/arm-gnu-toolchain-13.2.rel1-mingw-w64-i686-arm-none-eabi/arm-gnu-toolchain-13.2.Rel1-mingw-w64-i686-arm-none-eabi/bin/../lib/gcc/arm-none-eabi/13.2.1/thumb/v7-m/nofp\libgcc.a(_arm_cmpdf2.o)
                              CMakeFiles/C8T6_Balance.elf.dir/M_Algorithm/sg90_arm.c.obj (__aeabi_dcmpeq)
I:/arm-gnu-toolchain-13.2.rel1-mingw-w64-i686-arm-none-eabi/arm-gnu-toolchain-13.2.Rel1-mingw-w64-i686-arm-none-eabi/bin/../lib/gcc/arm-none-eabi/13.2.1/thumb/v7-m/nofp\libgcc.a(_arm_fixunsdfsi.o)
                              CMakeFiles/C8T6_Balance.elf.dir/M_Algorithm/sg90_arm.c.obj (__aeabi_d2uiz)
I:/arm-gnu-toolchain-13.2.rel1-mingw-w64-i686-arm-none-eabi/arm-gnu-toolchain-13.2.Rel1-mingw-w64-i686-arm-none-eabi/bin/../lib/gcc/arm-none-eabi/13.2.1/thumb/v7-m/nofp\libgcc.a(_arm_truncdfsf2.o)
                              CMakeFiles/C8T6_Balance.elf.dir/M_Algorithm/sg90_arm.c.obj (__aeabi_d2f)
I:/arm-gnu-toolchain-13.2.rel1-mingw-w64-i686-arm-none-eabi/arm-gnu-toolchain-13.2.Rel1-mingw-w64-i686-arm-none-eabi/bin/../lib/gcc/arm-none-eabi/13.2.1/thumb/v7-m/nofp\libgcc.a(_arm_addsubsf3.o)
                              CMakeFiles/C8T6_Balance.elf.dir/M_Algorithm/sg90_arm.c.obj (__aeabi_fsub)
I:/arm-gnu-toolchain-13.2.rel1-mingw-w64-i686-arm-none-eabi/arm-gnu-toolchain-13.2.Rel1-mingw-w64-i686-arm-none-eabi/bin/../lib/gcc/arm-none-eabi/13.2.1/thumb/v7-m/nofp\libgcc.a(_arm_muldivsf3.o)
                              CMakeFiles/C8T6_Balance.elf.dir/M_Algorithm/sg90_arm.c.obj (__aeabi_fdiv)
I:/arm-gnu-toolchain-13.2.rel1-mingw-w64-i686-arm-none-eabi/arm-gnu-toolchain-13.2.Rel1-mingw-w64-i686-arm-none-eabi/bin/../lib/gcc/arm-none-eabi/13.2.1/thumb/v7-m/nofp\libgcc.a(_arm_cmpsf2.o)
                              CMakeFiles/C8T6_Balance.elf.dir/M_Algorithm/sg90_arm.c.obj (__aeabi_fcmpeq)
I:/arm-gnu-toolchain-13.2.rel1-mingw-w64-i686-arm-none-eabi/arm-gnu-toolchain-13.2.Rel1-mingw-w64-i686-arm-none-eabi/bin/../lib/gcc/arm-none-eabi/13.2.1/thumb/v7-m/nofp\libg.a(libc_a-exit.o)
                              I:/arm-gnu-toolchain-13.2.rel1-mingw-w64-i686-arm-none-eabi/arm-gnu-toolchain-13.2.Rel1-mingw-w64-i686-arm-none-eabi/bin/../lib/gcc/arm-none-eabi/13.2.1/thumb/v7-m/nofp/crt0.o (exit)
I:/arm-gnu-toolchain-13.2.rel1-mingw-w64-i686-arm-none-eabi/arm-gnu-toolchain-13.2.Rel1-mingw-w64-i686-arm-none-eabi/bin/../lib/gcc/arm-none-eabi/13.2.1/thumb/v7-m/nofp\libg.a(libc_a-findfp.o)
                              I:/arm-gnu-toolchain-13.2.rel1-mingw-w64-i686-arm-none-eabi/arm-gnu-toolchain-13.2.Rel1-mingw-w64-i686-arm-none-eabi/bin/../lib/gcc/arm-none-eabi/13.2.1/thumb/v7-m/nofp\libg.a(libc_a-exit.o) (__stdio_exit_handler)
I:/arm-gnu-toolchain-13.2.rel1-mingw-w64-i686-arm-none-eabi/arm-gnu-toolchain-13.2.Rel1-mingw-w64-i686-arm-none-eabi/bin/../lib/gcc/arm-none-eabi/13.2.1/thumb/v7-m/nofp\libg.a(libc_a-fwalk.o)
                              I:/arm-gnu-toolchain-13.2.rel1-mingw-w64-i686-arm-none-eabi/arm-gnu-toolchain-13.2.Rel1-mingw-w64-i686-arm-none-eabi/bin/../lib/gcc/arm-none-eabi/13.2.1/thumb/v7-m/nofp\libg.a(libc_a-findfp.o) (_fwalk_sglue)
I:/arm-gnu-toolchain-13.2.rel1-mingw-w64-i686-arm-none-eabi/arm-gnu-toolchain-13.2.Rel1-mingw-w64-i686-arm-none-eabi/bin/../lib/gcc/arm-none-eabi/13.2.1/thumb/v7-m/nofp\libg.a(libc_a-printf.o)
                              CMakeFiles/C8T6_Balance.elf.dir/M_Algorithm/openmv_1.c.obj (printf)
I:/arm-gnu-toolchain-13.2.rel1-mingw-w64-i686-arm-none-eabi/arm-gnu-toolchain-13.2.Rel1-mingw-w64-i686-arm-none-eabi/bin/../lib/gcc/arm-none-eabi/13.2.1/thumb/v7-m/nofp\libg.a(libc_a-puts.o)
                              CMakeFiles/C8T6_Balance.elf.dir/Core/Src/main.c.obj (puts)
[...]
Memory Configuration

Name             Origin             Length             Attributes
RAM              0x20000000         0x00005000         xrw
FLASH            0x08000000         0x00010000         xr
*default*        0x00000000         0xffffffff

Linker script and memory map

LOAD I:/arm-gnu-toolchain-13.2.rel1-mingw-w64-i686-arm-none-eabi/arm-gnu-toolchain-13.2.Rel1-mingw-w64-i686-arm-none-eabi/bin/../lib/gcc/arm-none-eabi/13.2.1/thumb/v7-m/nofp/crti.o
LOAD I:/arm-gnu-toolchain-13.2.rel1-mingw-w64-i686-arm-none-eabi/arm-gnu-toolchain-13.2.Rel1-mingw-w64-i686-arm-none-eabi/bin/../lib/gcc/arm-none-eabi/13.2.1/thumb/v7-m/nofp/crtbegin.o
LOAD I:/arm-gnu-toolchain-13.2.rel1-mingw-w64-i686-arm-none-eabi/arm-gnu-toolchain-13.2.Rel1-mingw-w64-i686-arm-none-eabi/bin/../lib/gcc/arm-none-eabi/13.2.1/thumb/v7-m/nofp/crt0.o
LOAD CMakeFiles/C8T6_Balance.elf.dir/Core/Src/gpio.c.obj
LOAD CMakeFiles/C8T6_Balance.elf.dir/Core/Src/main.c.obj
LOAD CMakeFiles/C8T6_Balance.elf.dir/Core/Src/spi.c.obj
LOAD CMakeFiles/C8T6_Balance.elf.dir/Core/Src/stm32f1xx_hal_msp.c.obj
LOAD CMakeFiles/C8T6_Balance.elf.dir/Core/Src/stm32f1xx_it.c.obj
LOAD CMakeFiles/C8T6_Balance.elf.dir/Core/Src/syscalls.c.obj
LOAD CMakeFiles/C8T6_Balance.elf.dir/Core/Src/sysmem.c.obj
LOAD CMakeFiles/C8T6_Balance.elf.dir/Core/Src/system_stm32f1xx.c.obj
LOAD CMakeFiles/C8T6_Balance.elf.dir/Core/Src/tim.c.obj
LOAD CMakeFiles/C8T6_Balance.elf.dir/Core/Src/usart.c.obj
LOAD CMakeFiles/C8T6_Balance.elf.dir/Core/Startup/startup_stm32f103c8tx.s.obj
LOAD CMakeFiles/C8T6_Balance.elf.dir/Drivers/STM32F1xx_HAL_Driver/Src/stm32f1xx_hal.c.obj
LOAD CMakeFiles/C8T6_Balance.elf.dir/Drivers/STM32F1xx_HAL_Driver/Src/stm32f1xx_hal_cortex.c.obj
LOAD CMakeFiles/C8T6_Balance.elf.dir/Drivers/STM32F1xx_HAL_Driver/Src/stm32f1xx_hal_dma.c.obj
LOAD CMakeFiles/C8T6_Balance.elf.dir/Drivers/STM32F1xx_HAL_Driver/Src/stm32f1xx_hal_exti.c.obj
LOAD CMakeFiles/C8T6_Balance.elf.dir/Drivers/STM32F1xx_HAL_Driver/Src/stm32f1xx_hal_flash.c.obj
LOAD CMakeFiles/C8T6_Balance.elf.dir/Drivers/STM32F1xx_HAL_Driver/Src/stm32f1xx_hal_flash_ex.c.obj
LOAD CMakeFiles/C8T6_Balance.elf.dir/Drivers/STM32F1xx_HAL_Driver/Src/stm32f1xx_hal_gpio.c.obj
LOAD CMakeFiles/C8T6_Balance.elf.dir/Drivers/STM32F1xx_HAL_Driver/Src/stm32f1xx_hal_gpio_ex.c.obj
LOAD CMakeFiles/C8T6_Balance.elf.dir/Drivers/STM32F1xx_HAL_Driver/Src/stm32f1xx_hal_pwr.c.obj
LOAD CMakeFiles/C8T6_Balance.elf.dir/Drivers/STM32F1xx_HAL_Driver/Src/stm32f1xx_hal_rcc.c.obj
LOAD CMakeFiles/C8T6_Balance.elf.dir/Drivers/STM32F1xx_HAL_Driver/Src/stm32f1xx_hal_rcc_ex.c.obj
LOAD CMakeFiles/C8T6_Balance.elf.dir/Drivers/STM32F1xx_HAL_Driver/Src/stm32f1xx_hal_spi.c.obj
LOAD CMakeFiles/C8T6_Balance.elf.dir/Drivers/STM32F1xx_HAL_Driver/Src/stm32f1xx_hal_tim.c.obj
LOAD CMakeFiles/C8T6_Balance.elf.dir/Drivers/STM32F1xx_HAL_Driver/Src/stm32f1xx_hal_tim_ex.c.obj
LOAD CMakeFiles/C8T6_Balance.elf.dir/Drivers/STM32F1xx_HAL_Driver/Src/stm32f1xx_hal_uart.c.obj
LOAD CMakeFiles/C8T6_Balance.elf.dir/M_Algorithm/openmv_1.c.obj
LOAD CMakeFiles/C8T6_Balance.elf.dir/M_Algorithm/sg90_arm.c.obj
LOAD CMakeFiles/C8T6_Balance.elf.dir/M_BSP/HCSR04.c.obj
LOAD CMakeFiles/C8T6_Balance.elf.dir/M_BSP/NRF24L01.c.obj
LOAD CMakeFiles/C8T6_Balance.elf.dir/M_BSP/Tube8.c.obj
LOAD CMakeFiles/C8T6_Balance.elf.dir/M_BSP/buzzer.c.obj
LOAD CMakeFiles/C8T6_Balance.elf.dir/M_BSP/dht11.c.obj
LOAD CMakeFiles/C8T6_Balance.elf.dir/M_BSP/drv_spi.c.obj
LOAD CMakeFiles/C8T6_Balance.elf.dir/M_BSP/gray_detection.c.obj
LOAD CMakeFiles/C8T6_Balance.elf.dir/M_BSP/pca9685.c.obj
LOAD CMakeFiles/C8T6_Balance.elf.dir/M_BSP/robot_config.c.obj
LOAD CMakeFiles/C8T6_Balance.elf.dir/M_BSP/servo.c.obj
LOAD CMakeFiles/C8T6_Balance.elf.dir/M_BSP/servo_arm.c.obj
START GROUP
LOAD I:/arm-gnu-toolchain-13.2.rel1-mingw-w64-i686-arm-none-eabi/arm-gnu-toolchain-13.2.Rel1-mingw-w64-i686-arm-none-eabi/bin/../lib/gcc/arm-none-eabi/13.2.1/thumb/v7-m/nofp\libgcc.a
LOAD I:/arm-gnu-toolchain-13.2.rel1-mingw-w64-i686-arm-none-eabi/arm-gnu-toolchain-13.2.Rel1-mingw-w64-i686-arm-none-eabi/bin/../lib/gcc/arm-none-eabi/13.2.1/thumb/v7-m/nofp\libg.a
LOAD I:/arm-gnu-toolchain-13.2.rel1-mingw-w64-i686-arm-none-eabi/arm-gnu-toolchain-13.2.Rel1-mingw-w64-i686-arm-none-eabi/bin/../lib/gcc/arm-none-eabi/13.2.1/thumb/v7-m/nofp\libc.a
END GROUP
LOAD I:/arm-gnu-toolchain-13.2.rel1-mingw-w64-i686-arm-none-eabi/arm-gnu-toolchain-13.2.Rel1-mingw-w64-i686-arm-none-eabi/bin/../lib/gcc/arm-none-eabi/13.2.1/thumb/v7-m/nofp/crtend.o
LOAD I:/arm-gnu-toolchain-13.2.rel1-mingw-w64-i686-arm-none-eabi/arm-gnu-toolchain-13.2.Rel1-mingw-w64-i686-arm-none-eabi/bin/../lib/gcc/arm-none-eabi/13.2.1/thumb/v7-m/nofp/crtn.o
                0x20005000                        _estack = (ORIGIN (RAM) + LENGTH (RAM))
                0x00000200                        _Min_Heap_Size = 0x200
                0x00000400                        _Min_Stack_Size = 0x400

.isr_vector     0x08000000      0x10c
                0x08000000                        . = ALIGN (0x4)
 *(.isr_vector)
 .isr_vector    0x08000000      0x10c CMakeFiles/C8T6_Balance.elf.dir/Core/Startup/startup_stm32f103c8tx.s.obj
                0x08000000                g_pfnVectors
                0x0800010c                        . = ALIGN (0x4)

.text           0x08000110     0xa270
                0x08000110                        . = ALIGN (0x4)
 *(.text)
 .text          0x08000110      0x378 I:/arm-gnu-toolchain-13.2.rel1-mingw-w64-i686-arm-none-eabi/arm-gnu-toolchain-13.2.Rel1-mingw-w64-i686-arm-none-eabi/bin/../lib/gcc/arm-none-eabi/13.2.1/thumb/v7-m/nofp\libgcc.a(_arm_addsubdf3.o)
                0x08000110                __aeabi_drsub
                0x08000118                __aeabi_dsub
                0x08000118                __subdf3
                0x0800011c                __aeabi_dadd
                0x0800011c                __adddf3
                0x08000394                __floatunsidf
                0x08000394                __aeabi_ui2d
                0x080003b4                __floatsidf
                0x080003b4                __aeabi_i2d
                0x080003d8                __aeabi_f2d
                0x080003d8                __extendsfdf2
                0x0800041c                __floatundidf
                0x0800041c                __aeabi_ul2d
                0x0800042c                __floatdidf
                0x0800042c                __aeabi_l2d
 .text          0x08000488      0x424 I:/arm-gnu-toolchain-13.2.rel1-mingw-w64-i686-arm-none-eabi/arm-gnu-toolchain-13.2.Rel1-mingw-w64-i686-arm-none-eabi/bin/../lib/gcc/arm-none-eabi/13.2.1/thumb/v7-m/nofp\libgcc.a(_arm_muldivdf3.o)
                0x08000488                __aeabi_dmul
                0x08000488                __muldf3
                0x080006dc                __divdf3
                0x080006dc                __aeabi_ddiv
 .text          0x080008ac      0x110 I:/arm-gnu-toolchain-13.2.rel1-mingw-w64-i686-arm-none-eabi/arm-gnu-toolchain-13.2.Rel1-mingw-w64-i686-arm-none-eabi/bin/../lib/gcc/arm-none-eabi/13.2.1/thumb/v7-m/nofp\libgcc.a(_arm_cmpdf2.o)
                0x080008ac                __gtdf2
                0x080008ac                __gedf2
                0x080008b4                __ltdf2
                0x080008b4                __ledf2
                0x080008bc                __nedf2
                0x080008bc                __eqdf2
                0x080008bc                __cmpdf2
                0x08000938                __aeabi_cdrcmple
                0x08000948                __aeabi_cdcmpeq
                0x08000948                __aeabi_cdcmple
                0x08000958                __aeabi_dcmpeq
                0x0800096c                __aeabi_dcmplt
                0x08000980                __aeabi_dcmple
                0x08000994                __aeabi_dcmpge
                0x080009a8                __aeabi_dcmpgt
 .text          0x080009bc       0x40 I:/arm-gnu-toolchain-13.2.rel1-mingw-w64-i686-arm-none-eabi/arm-gnu-toolchain-13.2.Rel1-mingw-w64-i686-arm-none-eabi/bin/../lib/gcc/arm-none-eabi/13.2.1/thumb/v7-m/nofp\libgcc.a(_arm_fixunsdfsi.o)
                0x080009bc                __aeabi_d2uiz
                0x080009bc                __fixunsdfsi
 .text          0x080009fc      0x21c I:/arm-gnu-toolchain-13.2.rel1-mingw-w64-i686-arm-none-eabi/arm-gnu-toolchain-13.2.Rel1-mingw-w64-i686-arm-none-eabi/bin/../lib/gcc/arm-none-eabi/13.2.1/thumb/v7-m/nofp\libgcc.a(_arm_addsubsf3.o)
                0x080009fc                __aeabi_frsub
                0x08000a04                __subsf3
                0x08000a04                __aeabi_fsub
                0x08000a08                __aeabi_fadd
                0x08000a08                __addsf3
                0x08000b68                __aeabi_ui2f
                0x08000b68                __floatunsisf
                0x08000b70                __aeabi_i2f
                0x08000b70                __floatsisf
                0x08000b8c                __aeabi_ul2f
                0x08000b8c                __floatundisf
                0x08000b9c                __aeabi_l2f
                0x08000b9c                __floatdisf
 .text          0x08000c18      0x2a0 I:/arm-gnu-toolchain-13.2.rel1-mingw-w64-i686-arm-none-eabi/arm-gnu-toolchain-13.2.Rel1-mingw-w64-i686-arm-none-eabi/bin/../lib/gcc/arm-none-eabi/13.2.1/thumb/v7-m/nofp\libgcc.a(_arm_muldivsf3.o)
                0x08000c18                __mulsf3
                0x08000c18                __aeabi_fmul
                0x08000d80                __aeabi_fdiv
                0x08000d80                __divsf3
 .text          0x08000eb8       0xec I:/arm-gnu-toolchain-13.2.rel1-mingw-w64-i686-arm-none-eabi/arm-gnu-toolchain-13.2.Rel1-mingw-w64-i686-arm-none-eabi/bin/../lib/gcc/arm-none-eabi/13.2.1/thumb/v7-m/nofp\libg.a(libc_a-memcpy.o)
                0x08000eb8                memcpy
 .text          0x08000fa4       0x2c I:/arm-gnu-toolchain-13.2.rel1-mingw-w64-i686-arm-none-eabi/arm-gnu-toolchain-13.2.Rel1-mingw-w64-i686-arm-none-eabi/bin/../lib/gcc/arm-none-eabi/13.2.1/thumb/v7-m/nofp\libgcc.a(_arm_unorddf2.o)
                0x08000fa4                __unorddf2
                0x08000fa4                __aeabi_dcmpun
 .text          0x08000fd0       0x50 I:/arm-gnu-toolchain-13.2.rel1-mingw-w64-i686-arm-none-eabi/arm-gnu-toolchain-13.2.Rel1-mingw-w64-i686-arm-none-eabi/bin/../lib/gcc/arm-none-eabi/13.2.1/thumb/v7-m/nofp\libgcc.a(_arm_fixdfsi.o)
                0x08000fd0                __aeabi_d2iz
                0x08000fd0                __fixdfsi
 *(.text*)
 .text.deregister_tm_clones
                0x08001020       0x1c I:/arm-gnu-toolchain-13.2.rel1-mingw-w64-i686-arm-none-eabi/arm-gnu-toolchain-13.2.Rel1-mingw-w64-i686-arm-none-eabi/bin/../lib/gcc/arm-none-eabi/13.2.1/thumb/v7-m/nofp/crtbegin.o
 .text.register_tm_clones
                0x0800103c       0x24 I:/arm-gnu-toolchain-13.2.rel1-mingw-w64-i686-arm-none-eabi/arm-gnu-toolchain-13.2.Rel1-mingw-w64-i686-arm-none-eabi/bin/../lib/gcc/arm-none-eabi/13.2.1/thumb/v7-m/nofp/crtbegin.o
 .text.__do_global_dtors_aux
                0x08001060       0x28 I:/arm-gnu-toolchain-13.2.rel1-mingw-w64-i686-arm-none-eabi/arm-gnu-toolchain-13.2.Rel1-mingw-w64-i686-arm-none-eabi/bin/../lib/gcc/arm-none-eabi/13.2.1/thumb/v7-m/nofp/crtbegin.o
 .text.frame_dummy
                0x08001088       0x24 I:/arm-gnu-toolchain-13.2.rel1-mingw-w64-i686-arm-none-eabi/arm-gnu-toolchain-13.2.Rel1-mingw-w64-i686-arm-none-eabi/bin/../lib/gcc/arm-none-eabi/13.2.1/thumb/v7-m/nofp/crtbegin.o
 .text.MX_GPIO_Init
                0x080010ac      0x100 CMakeFiles/C8T6_Balance.elf.dir/Core/Src/gpio.c.obj
                0x080010ac                MX_GPIO_Init
 .text.HAL_UART_RxCpltCallback
                0x080011ac       0x2c CMakeFiles/C8T6_Balance.elf.dir/Core/Src/main.c.obj
                0x080011ac                HAL_UART_RxCpltCallback
 .text.Error_Handler
                0x080011d8        0x4 CMakeFiles/C8T6_Balance.elf.dir/Core/Src/main.c.obj
                0x080011d8                Error_Handler
 .text.SystemClock_Config
                0x080011dc       0x64 CMakeFiles/C8T6_Balance.elf.dir/Core/Src/main.c.obj
                0x080011dc                SystemClock_Config
 .text.main     0x08001240       0x84 CMakeFiles/C8T6_Balance.elf.dir/Core/Src/main.c.obj
                0x08001240                main
 .text.MX_SPI1_Init
                0x080012c4       0x44 CMakeFiles/C8T6_Balance.elf.dir/Core/Src/spi.c.obj
                0x080012c4                MX_SPI1_Init
 .text.HAL_SPI_MspInit
                0x08001308       0x88 CMakeFiles/C8T6_Balance.elf.dir/Core/Src/spi.c.obj
                0x08001308                HAL_SPI_MspInit
 .text.HAL_MspInit
                0x08001390       0x44 CMakeFiles/C8T6_Balance.elf.dir/Core/Src/stm32f1xx_hal_msp.c.obj
                0x08001390                HAL_MspInit
 .text.NMI_Handler
                0x080013d4        0x2 CMakeFiles/C8T6_Balance.elf.dir/Core/Src/stm32f1xx_it.c.obj
                0x080013d4                NMI_Handler
 .text.HardFault_Handler
                0x080013d6        0x2 CMakeFiles/C8T6_Balance.elf.dir/Core/Src/stm32f1xx_it.c.obj
                0x080013d6                HardFault_Handler
 .text.MemManage_Handler
                0x080013d8        0x2 CMakeFiles/C8T6_Balance.elf.dir/Core/Src/stm32f1xx_it.c.obj
                0x080013d8                MemManage_Handler
 .text.BusFault_Handler
                0x080013da        0x2 CMakeFiles/C8T6_Balance.elf.dir/Core/Src/stm32f1xx_it.c.obj
                0x080013da                BusFault_Handler
 .text.UsageFault_Handler
                0x080013dc        0x2 CMakeFiles/C8T6_Balance.elf.dir/Core/Src/stm32f1xx_it.c.obj
                0x080013dc                UsageFault_Handler
 .text.SVC_Handler
                0x080013de        0x2 CMakeFiles/C8T6_Balance.elf.dir/Core/Src/stm32f1xx_it.c.obj
                0x080013de                SVC_Handler
 .text.DebugMon_Handler
                0x080013e0        0x2 CMakeFiles/C8T6_Balance.elf.dir/Core/Src/stm32f1xx_it.c.obj
                0x080013e0                DebugMon_Handler
 .text.PendSV_Handler
                0x080013e2        0x2 CMakeFiles/C8T6_Balance.elf.dir/Core/Src/stm32f1xx_it.c.obj
                0x080013e2                PendSV_Handler
 .text.SysTick_Handler
                0x080013e4        0x8 CMakeFiles/C8T6_Balance.elf.dir/Core/Src/stm32f1xx_it.c.obj
                0x080013e4                SysTick_Handler
 .text.TIM1_UP_IRQHandler
                0x080013ec       0x34 CMakeFiles/C8T6_Balance.elf.dir/Core/Src/stm32f1xx_it.c.obj
                0x080013ec                TIM1_UP_IRQHandler
 .text.USART1_IRQHandler
                0x08001420       0x10 CMakeFiles/C8T6_Balance.elf.dir/Core/Src/stm32f1xx_it.c.obj
                0x08001420                USART1_IRQHandler
 .text.USART3_IRQHandler
                0x08001430       0x10 CMakeFiles/C8T6_Balance.elf.dir/Core/Src/stm32f1xx_it.c.obj
                0x08001430                USART3_IRQHandler
 .text._getpid  0x08001440        0x4 CMakeFiles/C8T6_Balance.elf.dir/Core/Src/syscalls.c.obj
                0x08001440                _getpid
 .text._kill    0x08001444       0x10 CMakeFiles/C8T6_Balance.elf.dir/Core/Src/syscalls.c.obj
                0x08001444                _kill
 .text._exit    0x08001454        0xc CMakeFiles/C8T6_Balance.elf.dir/Core/Src/syscalls.c.obj
                0x08001454                _exit
 .text._read    0x08001460       0x20 CMakeFiles/C8T6_Balance.elf.dir/Core/Src/syscalls.c.obj
                0x08001460                _read
 .text._write   0x08001480       0x1c CMakeFiles/C8T6_Balance.elf.dir/Core/Src/syscalls.c.obj
                0x08001480                _write
 .text._close   0x0800149c        0x6 CMakeFiles/C8T6_Balance.elf.dir/Core/Src/syscalls.c.obj
                0x0800149c                _close
 .text._fstat   0x080014a2        0xa CMakeFiles/C8T6_Balance.elf.dir/Core/Src/syscalls.c.obj
                0x080014a2                _fstat
 .text._isatty  0x080014ac        0x4 CMakeFiles/C8T6_Balance.elf.dir/Core/Src/syscalls.c.obj
                0x080014ac                _isatty
 .text._lseek   0x080014b0        0x4 CMakeFiles/C8T6_Balance.elf.dir/Core/Src/syscalls.c.obj
                0x080014b0                _lseek
 .text._sbrk    0x080014b4       0x48 CMakeFiles/C8T6_Balance.elf.dir/Core/Src/sysmem.c.obj
                0x080014b4                _sbrk
 .text.SystemInit
                0x080014fc        0x2 CMakeFiles/C8T6_Balance.elf.dir/Core/Src/system_stm32f1xx.c.obj
                0x080014fc                SystemInit
 *fill*         0x080014fe        0x2 
 .text.MX_TIM1_Init
                0x08001500       0x70 CMakeFiles/C8T6_Balance.elf.dir/Core/Src/tim.c.obj
                0x08001500                MX_TIM1_Init
 .text.MX_TIM3_Init
                0x08001570       0x64 CMakeFiles/C8T6_Balance.elf.dir/Core/Src/tim.c.obj
                0x08001570                MX_TIM3_Init
 .text.MX_TIM4_Init
                0x080015d4       0x64 CMakeFiles/C8T6_Balance.elf.dir/Core/Src/tim.c.obj
                0x080015d4                MX_TIM4_Init
 .text.HAL_TIM_Base_MspInit
                0x08001638       0x60 CMakeFiles/C8T6_Balance.elf.dir/Core/Src/tim.c.obj
                0x08001638                HAL_TIM_Base_MspInit
 .text.HAL_TIM_Encoder_MspInit
                0x08001698       0xa0 CMakeFiles/C8T6_Balance.elf.dir/Core/Src/tim.c.obj
                0x08001698                HAL_TIM_Encoder_MspInit
 .text.HAL_TIM_MspPostInit
                0x08001738       0x4c CMakeFiles/C8T6_Balance.elf.dir/Core/Src/tim.c.obj
                0x08001738                HAL_TIM_MspPostInit
 .text.MX_TIM2_Init
                0x08001784       0xbc CMakeFiles/C8T6_Balance.elf.dir/Core/Src/tim.c.obj
                0x08001784                MX_TIM2_Init
 .text.MX_USART1_UART_Init
                0x08001840       0x34 CMakeFiles/C8T6_Balance.elf.dir/Core/Src/usart.c.obj
                0x08001840                MX_USART1_UART_Init
 .text.MX_USART3_UART_Init
                0x08001874       0x34 CMakeFiles/C8T6_Balance.elf.dir/Core/Src/usart.c.obj
                0x08001874                MX_USART3_UART_Init
 .text.HAL_UART_MspInit
                0x080018a8       0xfc CMakeFiles/C8T6_Balance.elf.dir/Core/Src/usart.c.obj
                0x080018a8                HAL_UART_MspInit
 .text.__io_putchar
                0x080019a4       0x20 CMakeFiles/C8T6_Balance.elf.dir/Core/Src/usart.c.obj
                0x080019a4                __io_putchar
 .text.Reset_Handler
                0x080019c4       0x48 CMakeFiles/C8T6_Balance.elf.dir/Core/Startup/startup_stm32f103c8tx.s.obj
                0x080019c4                Reset_Handler
 .text.Default_Handler
                0x08001a0c        0x2 CMakeFiles/C8T6_Balance.elf.dir/Core/Startup/startup_stm32f103c8tx.s.obj
                0x08001a0c                RTC_Alarm_IRQHandler
                0x08001a0c                EXTI2_IRQHandler
                0x08001a0c                TIM1_CC_IRQHandler
                0x08001a0c                PVD_IRQHandler
                0x08001a0c                EXTI3_IRQHandler
                0x08001a0c                EXTI0_IRQHandler
                0x08001a0c                I2C2_EV_IRQHandler
                0x08001a0c                ADC1_2_IRQHandler
                0x08001a0c                SPI1_IRQHandler
                0x08001a0c                TAMPER_IRQHandler
                0x08001a0c                DMA1_Channel4_IRQHandler
                0x08001a0c                RTC_IRQHandler
                0x08001a0c                DMA1_Channel7_IRQHandler
                0x08001a0c                CAN1_RX1_IRQHandler
                0x08001a0c                TIM4_IRQHandler
                0x08001a0c                I2C1_EV_IRQHandler
                0x08001a0c                DMA1_Channel6_IRQHandler
                0x08001a0c                TIM3_IRQHandler
                0x08001a0c                RCC_IRQHandler
                0x08001a0c                TIM1_TRG_COM_IRQHandler
                0x08001a0c                DMA1_Channel1_IRQHandler
                0x08001a0c                Default_Handler
                0x08001a0c                EXTI15_10_IRQHandler
                0x08001a0c                EXTI9_5_IRQHandler
                0x08001a0c                SPI2_IRQHandler
                0x08001a0c                DMA1_Channel5_IRQHandler
                0x08001a0c                EXTI4_IRQHandler
                0x08001a0c                USB_LP_CAN1_RX0_IRQHandler
                0x08001a0c                USB_HP_CAN1_TX_IRQHandler
                0x08001a0c                DMA1_Channel3_IRQHandler
                0x08001a0c                WWDG_IRQHandler
                0x08001a0c                TIM2_IRQHandler
                0x08001a0c                TIM1_BRK_IRQHandler
                0x08001a0c                EXTI1_IRQHandler
                0x08001a0c                USART2_IRQHandler
                0x08001a0c                I2C2_ER_IRQHandler
                0x08001a0c                DMA1_Channel2_IRQHandler
                0x08001a0c                CAN1_SCE_IRQHandler
                0x08001a0c                FLASH_IRQHandler
                0x08001a0c                I2C1_ER_IRQHandler
                0x08001a0c                USBWakeUp_IRQHandler
 *fill*         0x08001a0e        0x2 
 .text.HAL_InitTick
                0x08001a10       0x4c CMakeFiles/C8T6_Balance.elf.dir/Drivers/STM32F1xx_HAL_Driver/Src/stm32f1xx_hal.c.obj
                0x08001a10                HAL_InitTick
 .text.HAL_Init
                0x08001a5c       0x24 CMakeFiles/C8T6_Balance.elf.dir/Drivers/STM32F1xx_HAL_Driver/Src/stm32f1xx_hal.c.obj
                0x08001a5c                HAL_Init
 .text.HAL_IncTick
                0x08001a80       0x18 CMakeFiles/C8T6_Balance.elf.dir/Drivers/STM32F1xx_HAL_Driver/Src/stm32f1xx_hal.c.obj
                0x08001a80                HAL_IncTick
 .text.HAL_GetTick
                0x08001a98        0xc CMakeFiles/C8T6_Balance.elf.dir/Drivers/STM32F1xx_HAL_Driver/Src/stm32f1xx_hal.c.obj
                0x08001a98                HAL_GetTick
 .text.HAL_Delay
                0x08001aa4       0x28 CMakeFiles/C8T6_Balance.elf.dir/Drivers/STM32F1xx_HAL_Driver/Src/stm32f1xx_hal.c.obj
                0x08001aa4                HAL_Delay
 .text.__NVIC_SetPriority
                0x08001acc       0x28 CMakeFiles/C8T6_Balance.elf.dir/Drivers/STM32F1xx_HAL_Driver/Src/stm32f1xx_hal_cortex.c.obj
 .text.NVIC_EncodePriority
                0x08001af4       0x3e CMakeFiles/C8T6_Balance.elf.dir/Drivers/STM32F1xx_HAL_Driver/Src/stm32f1xx_hal_cortex.c.obj
 *fill*         0x08001b32        0x2 
 .text.HAL_NVIC_SetPriorityGrouping
                0x08001b34       0x24 CMakeFiles/C8T6_Balance.elf.dir/Drivers/STM32F1xx_HAL_Driver/Src/stm32f1xx_hal_cortex.c.obj
                0x08001b34                HAL_NVIC_SetPriorityGrouping
 .text.HAL_NVIC_SetPriority
                0x08001b58       0x20 CMakeFiles/C8T6_Balance.elf.dir/Drivers/STM32F1xx_HAL_Driver/Src/stm32f1xx_hal_cortex.c.obj
                0x08001b58                HAL_NVIC_SetPriority
 .text.HAL_NVIC_EnableIRQ
                0x08001b78       0x1c CMakeFiles/C8T6_Balance.elf.dir/Drivers/STM32F1xx_HAL_Driver/Src/stm32f1xx_hal_cortex.c.obj
                0x08001b78                HAL_NVIC_EnableIRQ
 .text.HAL_SYSTICK_Config
                0x08001b94       0x28 CMakeFiles/C8T6_Balance.elf.dir/Drivers/STM32F1xx_HAL_Driver/Src/stm32f1xx_hal_cortex.c.obj
                0x08001b94                HAL_SYSTICK_Config
 .text.HAL_DMA_Abort
                0x08001bbc       0x46 CMakeFiles/C8T6_Balance.elf.dir/Drivers/STM32F1xx_HAL_Driver/Src/stm32f1xx_hal_dma.c.obj
                0x08001bbc                HAL_DMA_Abort
 *fill*         0x08001c02        0x2 
 .text.HAL_DMA_Abort_IT
                0x08001c04       0x98 CMakeFiles/C8T6_Balance.elf.dir/Drivers/STM32F1xx_HAL_Driver/Src/stm32f1xx_hal_dma.c.obj
                0x08001c04                HAL_DMA_Abort_IT
 .text.HAL_GPIO_Init
                0x08001c9c      0x21c CMakeFiles/C8T6_Balance.elf.dir/Drivers/STM32F1xx_HAL_Driver/Src/stm32f1xx_hal_gpio.c.obj
                0x08001c9c                HAL_GPIO_Init
 .text.HAL_GPIO_ReadPin
                0x08001eb8        0xe CMakeFiles/C8T6_Balance.elf.dir/Drivers/STM32F1xx_HAL_Driver/Src/stm32f1xx_hal_gpio.c.obj
                0x08001eb8                HAL_GPIO_ReadPin
 .text.HAL_GPIO_WritePin
                0x08001ec6        0xc CMakeFiles/C8T6_Balance.elf.dir/Drivers/STM32F1xx_HAL_Driver/Src/stm32f1xx_hal_gpio.c.obj
                0x08001ec6                HAL_GPIO_WritePin
 *fill*         0x08001ed2        0x2 
 .text.RCC_Delay
                0x08001ed4       0x2c CMakeFiles/C8T6_Balance.elf.dir/Drivers/STM32F1xx_HAL_Driver/Src/stm32f1xx_hal_rcc.c.obj
 .text.HAL_RCC_OscConfig
                0x08001f00      0x410 CMakeFiles/C8T6_Balance.elf.dir/Drivers/STM32F1xx_HAL_Driver/Src/stm32f1xx_hal_rcc.c.obj
                0x08001f00                HAL_RCC_OscConfig
 .text.HAL_RCC_GetSysClockFreq
                0x08002310       0x54 CMakeFiles/C8T6_Balance.elf.dir/Drivers/STM32F1xx_HAL_Driver/Src/stm32f1xx_hal_rcc.c.obj
                0x08002310                HAL_RCC_GetSysClockFreq
 .text.HAL_RCC_ClockConfig
                0x08002364      0x16c CMakeFiles/C8T6_Balance.elf.dir/Drivers/STM32F1xx_HAL_Driver/Src/stm32f1xx_hal_rcc.c.obj
                0x08002364                HAL_RCC_ClockConfig
 .text.HAL_RCC_GetHCLKFreq
                0x080024d0        0xc CMakeFiles/C8T6_Balance.elf.dir/Drivers/STM32F1xx_HAL_Driver/Src/stm32f1xx_hal_rcc.c.obj
                0x080024d0                HAL_RCC_GetHCLKFreq
 .text.HAL_RCC_GetPCLK1Freq
                0x080024dc       0x20 CMakeFiles/C8T6_Balance.elf.dir/Drivers/STM32F1xx_HAL_Driver/Src/stm32f1xx_hal_rcc.c.obj
                0x080024dc                HAL_RCC_GetPCLK1Freq
 .text.HAL_RCC_GetPCLK2Freq
                0x080024fc       0x20 CMakeFiles/C8T6_Balance.elf.dir/Drivers/STM32F1xx_HAL_Driver/Src/stm32f1xx_hal_rcc.c.obj
                0x080024fc                HAL_RCC_GetPCLK2Freq
 .text.HAL_SPI_Init
                0x0800251c       0xb6 CMakeFiles/C8T6_Balance.elf.dir/Drivers/STM32F1xx_HAL_Driver/Src/stm32f1xx_hal_spi.c.obj
                0x0800251c                HAL_SPI_Init
 *fill*         0x080025d2        0x2 
 .text.TIM_OC1_SetConfig
                0x080025d4       0x54 CMakeFiles/C8T6_Balance.elf.dir/Drivers/STM32F1xx_HAL_Driver/Src/stm32f1xx_hal_tim.c.obj
 .text.TIM_OC3_SetConfig
                0x08002628       0x5c CMakeFiles/C8T6_Balance.elf.dir/Drivers/STM32F1xx_HAL_Driver/Src/stm32f1xx_hal_tim.c.obj
 .text.TIM_OC4_SetConfig
                0x08002684       0x48 CMakeFiles/C8T6_Balance.elf.dir/Drivers/STM32F1xx_HAL_Driver/Src/stm32f1xx_hal_tim.c.obj
 .text.TIM_TI1_ConfigInputStage
                0x080026cc       0x24 CMakeFiles/C8T6_Balance.elf.dir/Drivers/STM32F1xx_HAL_Driver/Src/stm32f1xx_hal_tim.c.obj
 .text.TIM_TI2_ConfigInputStage
                0x080026f0       0x26 CMakeFiles/C8T6_Balance.elf.dir/Drivers/STM32F1xx_HAL_Driver/Src/stm32f1xx_hal_tim.c.obj
 .text.TIM_ITRx_SetConfig
                0x08002716       0x10 CMakeFiles/C8T6_Balance.elf.dir/Drivers/STM32F1xx_HAL_Driver/Src/stm32f1xx_hal_tim.c.obj
 *fill*         0x08002726        0x2 
 .text.HAL_TIM_Base_Start_IT
                0x08002728       0x68 CMakeFiles/C8T6_Balance.elf.dir/Drivers/STM32F1xx_HAL_Driver/Src/stm32f1xx_hal_tim.c.obj
                0x08002728                HAL_TIM_Base_Start_IT
 .text.HAL_TIM_Base_Stop_IT
                0x08002790       0x32 CMakeFiles/C8T6_Balance.elf.dir/Drivers/STM32F1xx_HAL_Driver/Src/stm32f1xx_hal_tim.c.obj
                0x08002790                HAL_TIM_Base_Stop_IT
 .text.HAL_TIM_PWM_MspInit
                0x080027c2        0x2 CMakeFiles/C8T6_Balance.elf.dir/Drivers/STM32F1xx_HAL_Driver/Src/stm32f1xx_hal_tim.c.obj
                0x080027c2                HAL_TIM_PWM_MspInit
 .text.HAL_TIM_PeriodElapsedCallback
                0x080027c4        0x2 CMakeFiles/C8T6_Balance.elf.dir/Drivers/STM32F1xx_HAL_Driver/Src/stm32f1xx_hal_tim.c.obj
                0x080027c4                HAL_TIM_PeriodElapsedCallback
 .text.HAL_TIM_OC_DelayElapsedCallback
                0x080027c6        0x2 CMakeFiles/C8T6_Balance.elf.dir/Drivers/STM32F1xx_HAL_Driver/Src/stm32f1xx_hal_tim.c.obj
                0x080027c6                HAL_TIM_OC_DelayElapsedCallback
 .text.HAL_TIM_IC_CaptureCallback
                0x080027c8        0x2 CMakeFiles/C8T6_Balance.elf.dir/Drivers/STM32F1xx_HAL_Driver/Src/stm32f1xx_hal_tim.c.obj
                0x080027c8                HAL_TIM_IC_CaptureCallback
 .text.HAL_TIM_PWM_PulseFinishedCallback
                0x080027ca        0x2 CMakeFiles/C8T6_Balance.elf.dir/Drivers/STM32F1xx_HAL_Driver/Src/stm32f1xx_hal_tim.c.obj
                0x080027ca                HAL_TIM_PWM_PulseFinishedCallback
 .text.HAL_TIM_TriggerCallback
                0x080027cc        0x2 CMakeFiles/C8T6_Balance.elf.dir/Drivers/STM32F1xx_HAL_Driver/Src/stm32f1xx_hal_tim.c.obj
                0x080027cc                HAL_TIM_TriggerCallback
 .text.HAL_TIM_IRQHandler
                0x080027ce      0x15e CMakeFiles/C8T6_Balance.elf.dir/Drivers/STM32F1xx_HAL_Driver/Src/stm32f1xx_hal_tim.c.obj
                0x080027ce                HAL_TIM_IRQHandler
 .text.TIM_Base_SetConfig
                0x0800292c       0x84 CMakeFiles/C8T6_Balance.elf.dir/Drivers/STM32F1xx_HAL_Driver/Src/stm32f1xx_hal_tim.c.obj
                0x0800292c                TIM_Base_SetConfig
 .text.HAL_TIM_Base_Init
                0x080029b0       0x58 CMakeFiles/C8T6_Balance.elf.dir/Drivers/STM32F1xx_HAL_Driver/Src/stm32f1xx_hal_tim.c.obj
                0x080029b0                HAL_TIM_Base_Init
 .text.HAL_TIM_PWM_Init
                0x08002a08       0x58 CMakeFiles/C8T6_Balance.elf.dir/Drivers/STM32F1xx_HAL_Driver/Src/stm32f1xx_hal_tim.c.obj
                0x08002a08                HAL_TIM_PWM_Init
 .text.HAL_TIM_Encoder_Init
                0x08002a60       0xb6 CMakeFiles/C8T6_Balance.elf.dir/Drivers/STM32F1xx_HAL_Driver/Src/stm32f1xx_hal_tim.c.obj
                0x08002a60                HAL_TIM_Encoder_Init
 *fill*         0x08002b16        0x2 
 .text.TIM_OC2_SetConfig
                0x08002b18       0x5c CMakeFiles/C8T6_Balance.elf.dir/Drivers/STM32F1xx_HAL_Driver/Src/stm32f1xx_hal_tim.c.obj
                0x08002b18                TIM_OC2_SetConfig
 .text.HAL_TIM_PWM_ConfigChannel
                0x08002b74       0xdc CMakeFiles/C8T6_Balance.elf.dir/Drivers/STM32F1xx_HAL_Driver/Src/stm32f1xx_hal_tim.c.obj
                0x08002b74                HAL_TIM_PWM_ConfigChannel
 .text.TIM_ETR_SetConfig
                0x08002c50       0x18 CMakeFiles/C8T6_Balance.elf.dir/Drivers/STM32F1xx_HAL_Driver/Src/stm32f1xx_hal_tim.c.obj
                0x08002c50                TIM_ETR_SetConfig
 .text.HAL_TIM_ConfigClockSource
                0x08002c68       0xfe CMakeFiles/C8T6_Balance.elf.dir/Drivers/STM32F1xx_HAL_Driver/Src/stm32f1xx_hal_tim.c.obj
                0x08002c68                HAL_TIM_ConfigClockSource
 *fill*         0x08002d66        0x2 
 .text.HAL_TIMEx_MasterConfigSynchronization
                0x08002d68       0x6c CMakeFiles/C8T6_Balance.elf.dir/Drivers/STM32F1xx_HAL_Driver/Src/stm32f1xx_hal_tim_ex.c.obj
                0x08002d68                HAL_TIMEx_MasterConfigSynchronization
 .text.HAL_TIMEx_CommutCallback
                0x08002dd4        0x2 CMakeFiles/C8T6_Balance.elf.dir/Drivers/STM32F1xx_HAL_Driver/Src/stm32f1xx_hal_tim_ex.c.obj
                0x08002dd4                HAL_TIMEx_CommutCallback
 .text.HAL_TIMEx_BreakCallback
                0x08002dd6        0x2 CMakeFiles/C8T6_Balance.elf.dir/Drivers/STM32F1xx_HAL_Driver/Src/stm32f1xx_hal_tim_ex.c.obj
                0x08002dd6                HAL_TIMEx_BreakCallback
 .text.UART_EndRxTransfer
                0x08002dd8       0x5c CMakeFiles/C8T6_Balance.elf.dir/Drivers/STM32F1xx_HAL_Driver/Src/stm32f1xx_hal_uart.c.obj
 .text.UART_Transmit_IT
                0x08002e34       0x60 CMakeFiles/C8T6_Balance.elf.dir/Drivers/STM32F1xx_HAL_Driver/Src/stm32f1xx_hal_uart.c.obj
 .text.UART_SetConfig
                0x08002e94       0x94 CMakeFiles/C8T6_Balance.elf.dir/Drivers/STM32F1xx_HAL_Driver/Src/stm32f1xx_hal_uart.c.obj
 .text.UART_WaitOnFlagUntilTimeout
                0x08002f28       0x86 CMakeFiles/C8T6_Balance.elf.dir/Drivers/STM32F1xx_HAL_Driver/Src/stm32f1xx_hal_uart.c.obj
 .text.HAL_UART_Init
                0x08002fae       0x60 CMakeFiles/C8T6_Balance.elf.dir/Drivers/STM32F1xx_HAL_Driver/Src/stm32f1xx_hal_uart.c.obj
                0x08002fae                HAL_UART_Init
 .text.HAL_UART_Transmit
                0x0800300e       0xcc CMakeFiles/C8T6_Balance.elf.dir/Drivers/STM32F1xx_HAL_Driver/Src/stm32f1xx_hal_uart.c.obj
                0x0800300e                HAL_UART_Transmit
 .text.HAL_UART_TxCpltCallback
                0x080030da        0x2 CMakeFiles/C8T6_Balance.elf.dir/Drivers/STM32F1xx_HAL_Driver/Src/stm32f1xx_hal_uart.c.obj
                0x080030da                HAL_UART_TxCpltCallback
 .text.UART_EndTransmit_IT
                0x080030dc       0x1a CMakeFiles/C8T6_Balance.elf.dir/Drivers/STM32F1xx_HAL_Driver/Src/stm32f1xx_hal_uart.c.obj
 .text.HAL_UART_ErrorCallback
                0x080030f6        0x2 CMakeFiles/C8T6_Balance.elf.dir/Drivers/STM32F1xx_HAL_Driver/Src/stm32f1xx_hal_uart.c.obj
                0x080030f6                HAL_UART_ErrorCallback
 .text.UART_DMAAbortOnError
                0x080030f8       0x10 CMakeFiles/C8T6_Balance.elf.dir/Drivers/STM32F1xx_HAL_Driver/Src/stm32f1xx_hal_uart.c.obj
 .text.HAL_UARTEx_RxEventCallback
                0x08003108        0x2 CMakeFiles/C8T6_Balance.elf.dir/Drivers/STM32F1xx_HAL_Driver/Src/stm32f1xx_hal_uart.c.obj
                0x08003108                HAL_UARTEx_RxEventCallback
 .text.UART_Receive_IT
                0x0800310a       0xe6 CMakeFiles/C8T6_Balance.elf.dir/Drivers/STM32F1xx_HAL_Driver/Src/stm32f1xx_hal_uart.c.obj
 .text.HAL_UART_IRQHandler
                0x080031f0      0x284 CMakeFiles/C8T6_Balance.elf.dir/Drivers/STM32F1xx_HAL_Driver/Src/stm32f1xx_hal_uart.c.obj
                0x080031f0                HAL_UART_IRQHandler
 .text.UART_Start_Receive_IT
                0x08003474       0x36 CMakeFiles/C8T6_Balance.elf.dir/Drivers/STM32F1xx_HAL_Driver/Src/stm32f1xx_hal_uart.c.obj
                0x08003474                UART_Start_Receive_IT
 .text.HAL_UART_Receive_IT
                0x080034aa       0x26 CMakeFiles/C8T6_Balance.elf.dir/Drivers/STM32F1xx_HAL_Driver/Src/stm32f1xx_hal_uart.c.obj
                0x080034aa                HAL_UART_Receive_IT
 .text.openmv_receive_data
                0x080034d0      0x11c CMakeFiles/C8T6_Balance.elf.dir/M_Algorithm/openmv_1.c.obj
                0x080034d0                openmv_receive_data
 .text.Ultrasonic_Init
                0x080035ec       0xa4 CMakeFiles/C8T6_Balance.elf.dir/M_BSP/HCSR04.c.obj
                0x080035ec                Ultrasonic_Init
 .text.Open_Timer
                0x08003690       0x1c CMakeFiles/C8T6_Balance.elf.dir/M_BSP/HCSR04.c.obj
                0x08003690                Open_Timer
 .text.Get_TIMER_Count
                0x080036ac       0x2c CMakeFiles/C8T6_Balance.elf.dir/M_BSP/HCSR04.c.obj
                0x080036ac                Get_TIMER_Count
 .text.Close_Timer
                0x080036d8       0x10 CMakeFiles/C8T6_Balance.elf.dir/M_BSP/HCSR04.c.obj
                0x080036d8                Close_Timer
 .text.Hcsr04GetLength
                0x080036e8       0x80 CMakeFiles/C8T6_Balance.elf.dir/M_BSP/HCSR04.c.obj
                0x080036e8                Hcsr04GetLength
 .text.PCA9685_GPIO_Init
                0x08003768       0x60 CMakeFiles/C8T6_Balance.elf.dir/M_BSP/pca9685.c.obj
                0x08003768                PCA9685_GPIO_Init
 .text.I2C_Start
                0x080037c8       0x6c CMakeFiles/C8T6_Balance.elf.dir/M_BSP/pca9685.c.obj
                0x080037c8                I2C_Start
 .text.I2C_Stop
                0x08003834       0x60 CMakeFiles/C8T6_Balance.elf.dir/M_BSP/pca9685.c.obj
                0x08003834                I2C_Stop
 .text.I2C_Send_Ack
                0x08003894       0x8c CMakeFiles/C8T6_Balance.elf.dir/M_BSP/pca9685.c.obj
                0x08003894                I2C_Send_Ack
 .text.I2C_WaitAck
                0x08003920       0xa8 CMakeFiles/C8T6_Balance.elf.dir/M_BSP/pca9685.c.obj
                0x08003920                I2C_WaitAck
 .text.PCA_Send_Byte
                0x080039c8       0x7c CMakeFiles/C8T6_Balance.elf.dir/M_BSP/pca9685.c.obj
                0x080039c8                PCA_Send_Byte
 .text.PCA_Read_Byte
                0x08003a44       0x80 CMakeFiles/C8T6_Balance.elf.dir/M_BSP/pca9685.c.obj
                0x08003a44                PCA_Read_Byte
 .text.PCA9685_Write
                0x08003ac4       0x2e CMakeFiles/C8T6_Balance.elf.dir/M_BSP/pca9685.c.obj
                0x08003ac4                PCA9685_Write
 .text.PCA9685_Read
                0x08003af2       0x48 CMakeFiles/C8T6_Balance.elf.dir/M_BSP/pca9685.c.obj
                0x08003af2                PCA9685_Read
 .text.PCA9685_setPWM
                0x08003b3a       0x58 CMakeFiles/C8T6_Balance.elf.dir/M_BSP/pca9685.c.obj
                0x08003b3a                PCA9685_setPWM
 *fill*         0x08003b92        0x6 
 .text.PCA9685_setFreq
                0x08003b98       0x78 CMakeFiles/C8T6_Balance.elf.dir/M_BSP/pca9685.c.obj
                0x08003b98                PCA9685_setFreq
 .text.setAngle
                0x08003c10       0x40 CMakeFiles/C8T6_Balance.elf.dir/M_BSP/pca9685.c.obj
                0x08003c10                setAngle
 .text.PCA9685_Init
                0x08003c50       0xf0 CMakeFiles/C8T6_Balance.elf.dir/M_BSP/pca9685.c.obj
                0x08003c50                PCA9685_Init
 .text.Delay_us
                0x08003d40       0x5c CMakeFiles/C8T6_Balance.elf.dir/M_BSP/robot_config.c.obj
                0x08003d40                Delay_us
 .text.stdio_exit_handler
                0x08003d9c       0x18 I:/arm-gnu-toolchain-13.2.rel1-mingw-w64-i686-arm-none-eabi/arm-gnu-toolchain-13.2.Rel1-mingw-w64-i686-arm-none-eabi/bin/../lib/gcc/arm-none-eabi/13.2.1/thumb/v7-m/nofp\libg.a(libc_a-findfp.o)
 .text.cleanup_stdio
                0x08003db4       0x40 I:/arm-gnu-toolchain-13.2.rel1-mingw-w64-i686-arm-none-eabi/arm-gnu-toolchain-13.2.Rel1-mingw-w64-i686-arm-none-eabi/bin/../lib/gcc/arm-none-eabi/13.2.1/thumb/v7-m/nofp\libg.a(libc_a-findfp.o)
 .text.global_stdio_init.part.0
                0x08003df4       0xf0 I:/arm-gnu-toolchain-13.2.rel1-mingw-w64-i686-arm-none-eabi/arm-gnu-toolchain-13.2.Rel1-mingw-w64-i686-arm-none-eabi/bin/../lib/gcc/arm-none-eabi/13.2.1/thumb/v7-m/nofp\libg.a(libc_a-findfp.o)
 .text.__sinit  0x08003ee4       0x3c I:/arm-gnu-toolchain-13.2.rel1-mingw-w64-i686-arm-none-eabi/arm-gnu-toolchain-13.2.Rel1-mingw-w64-i686-arm-none-eabi/bin/../lib/gcc/arm-none-eabi/13.2.1/thumb/v7-m/nofp\libg.a(libc_a-findfp.o)
                0x08003ee4                __sinit
 .text.__sfp_lock_acquire
                0x08003f20        0xc I:/arm-gnu-toolchain-13.2.rel1-mingw-w64-i686-arm-none-eabi/arm-gnu-toolchain-13.2.Rel1-mingw-w64-i686-arm-none-eabi/bin/../lib/gcc/arm-none-eabi/13.2.1/thumb/v7-m/nofp\libg.a(libc_a-findfp.o)
                0x08003f20                __sfp_lock_acquire
 .text.__sfp_lock_release
                0x08003f2c        0xc I:/arm-gnu-toolchain-13.2.rel1-mingw-w64-i686-arm-none-eabi/arm-gnu-toolchain-13.2.Rel1-mingw-w64-i686-arm-none-eabi/bin/../lib/gcc/arm-none-eabi/13.2.1/thumb/v7-m/nofp\libg.a(libc_a-findfp.o)
                0x08003f2c                __sfp_lock_release
 .text._fwalk_sglue
                0x08003f38       0x44 I:/arm-gnu-toolchain-13.2.rel1-mingw-w64-i686-arm-none-eabi/arm-gnu-toolchain-13.2.Rel1-mingw-w64-i686-arm-none-eabi/bin/../lib/gcc/arm-none-eabi/13.2.1/thumb/v7-m/nofp\libg.a(libc_a-fwalk.o)
                0x08003f38                _fwalk_sglue
 .text.printf   0x08003f7c       0x28 I:/arm-gnu-toolchain-13.2.rel1-mingw-w64-i686-arm-none-eabi/arm-gnu-toolchain-13.2.Rel1-mingw-w64-i686-arm-none-eabi/bin/../lib/gcc/arm-none-eabi/13.2.1/thumb/v7-m/nofp\libg.a(libc_a-printf.o)
                0x08003f7c                printf
 .text._puts_r  0x08003fa4       0x98 I:/arm-gnu-toolchain-13.2.rel1-mingw-w64-i686-arm-none-eabi/arm-gnu-toolchain-13.2.Rel1-mingw-w64-i686-arm-none-eabi/bin/../lib/gcc/arm-none-eabi/13.2.1/thumb/v7-m/nofp\libg.a(libc_a-puts.o)
                0x08003fa4                _puts_r
 .text.puts     0x0800403c       0x10 I:/arm-gnu-toolchain-13.2.rel1-mingw-w64-i686-arm-none-eabi/arm-gnu-toolchain-13.2.Rel1-mingw-w64-i686-arm-none-eabi/bin/../lib/gcc/arm-none-eabi/13.2.1/thumb/v7-m/nofp\libg.a(libc_a-puts.o)
                0x0800403c                puts
 .text.__sread  0x0800404c       0x24 I:/arm-gnu-toolchain-13.2.rel1-mingw-w64-i686-arm-none-eabi/arm-gnu-toolchain-13.2.Rel1-mingw-w64-i686-arm-none-eabi/bin/../lib/gcc/arm-none-eabi/13.2.1/thumb/v7-m/nofp\libg.a(libc_a-stdio.o)
                0x0800404c                __sread
 .text.__swrite
                0x08004070       0x40 I:/arm-gnu-toolchain-13.2.rel1-mingw-w64-i686-arm-none-eabi/arm-gnu-toolchain-13.2.Rel1-mingw-w64-i686-arm-none-eabi/bin/../lib/gcc/arm-none-eabi/13.2.1/thumb/v7-m/nofp\libg.a(libc_a-stdio.o)
                0x08004070                __swrite
 .text.__sseek  0x080040b0       0x24 I:/arm-gnu-toolchain-13.2.rel1-mingw-w64-i686-arm-none-eabi/arm-gnu-toolchain-13.2.Rel1-mingw-w64-i686-arm-none-eabi/bin/../lib/gcc/arm-none-eabi/13.2.1/thumb/v7-m/nofp\libg.a(libc_a-stdio.o)
                0x080040b0                __sseek
 .text.__sclose
                0x080040d4        0x8 I:/arm-gnu-toolchain-13.2.rel1-mingw-w64-i686-arm-none-eabi/arm-gnu-toolchain-13.2.Rel1-mingw-w64-i686-arm-none-eabi/bin/../lib/gcc/arm-none-eabi/13.2.1/thumb/v7-m/nofp\libg.a(libc_a-stdio.o)
                0x080040d4                __sclose
 .text.memset   0x080040dc       0xa0 I:/arm-gnu-toolchain-13.2.rel1-mingw-w64-i686-arm-none-eabi/arm-gnu-toolchain-13.2.Rel1-mingw-w64-i686-arm-none-eabi/bin/../lib/gcc/arm-none-eabi/13.2.1/thumb/v7-m/nofp\libg.a(libc_a-memset.o)
                0x080040dc                memset
 .text._close_r
                0x0800417c       0x24 I:/arm-gnu-toolchain-13.2.rel1-mingw-w64-i686-arm-none-eabi/arm-gnu-toolchain-13.2.Rel1-mingw-w64-i686-arm-none-eabi/bin/../lib/gcc/arm-none-eabi/13.2.1/thumb/v7-m/nofp\libg.a(libc_a-closer.o)
                0x0800417c                _close_r
 .text._lseek_r
                0x080041a0       0x2c I:/arm-gnu-toolchain-13.2.rel1-mingw-w64-i686-arm-none-eabi/arm-gnu-toolchain-13.2.Rel1-mingw-w64-i686-arm-none-eabi/bin/../lib/gcc/arm-none-eabi/13.2.1/thumb/v7-m/nofp\libg.a(libc_a-lseekr.o)
                0x080041a0                _lseek_r
 .text._read_r  0x080041cc       0x2c I:/arm-gnu-toolchain-13.2.rel1-mingw-w64-i686-arm-none-eabi/arm-gnu-toolchain-13.2.Rel1-mingw-w64-i686-arm-none-eabi/bin/../lib/gcc/arm-none-eabi/13.2.1/thumb/v7-m/nofp\libg.a(libc_a-readr.o)
                0x080041cc                _read_r
 .text._write_r
                0x080041f8       0x2c I:/arm-gnu-toolchain-13.2.rel1-mingw-w64-i686-arm-none-eabi/arm-gnu-toolchain-13.2.Rel1-mingw-w64-i686-arm-none-eabi/bin/../lib/gcc/arm-none-eabi/13.2.1/thumb/v7-m/nofp\libg.a(libc_a-writer.o)
                0x080041f8                _write_r
 .text.__errno  0x08004224        0xc I:/arm-gnu-toolchain-13.2.rel1-mingw-w64-i686-arm-none-eabi/arm-gnu-toolchain-13.2.Rel1-mingw-w64-i686-arm-none-eabi/bin/../lib/gcc/arm-none-eabi/13.2.1/thumb/v7-m/nofp\libg.a(libc_a-errno.o)
                0x08004224                __errno
 .text.__libc_init_array
                0x08004230       0x50 I:/arm-gnu-toolchain-13.2.rel1-mingw-w64-i686-arm-none-eabi/arm-gnu-toolchain-13.2.Rel1-mingw-w64-i686-arm-none-eabi/bin/../lib/gcc/arm-none-eabi/13.2.1/thumb/v7-m/nofp\libg.a(libc_a-init.o)
                0x08004230                __libc_init_array
 .text.__retarget_lock_init_recursive
                0x08004280        0x4 I:/arm-gnu-toolchain-13.2.rel1-mingw-w64-i686-arm-none-eabi/arm-gnu-toolchain-13.2.Rel1-mingw-w64-i686-arm-none-eabi/bin/../lib/gcc/arm-none-eabi/13.2.1/thumb/v7-m/nofp\libg.a(libc_a-lock.o)
                0x08004280                __retarget_lock_init_recursive
 .text.__retarget_lock_close_recursive
                0x08004284        0x4 I:/arm-gnu-toolchain-13.2.rel1-mingw-w64-i686-arm-none-eabi/arm-gnu-toolchain-13.2.Rel1-mingw-w64-i686-arm-none-eabi/bin/../lib/gcc/arm-none-eabi/13.2.1/thumb/v7-m/nofp\libg.a(libc_a-lock.o)
                0x08004284                __retarget_lock_close_recursive
 .text.__retarget_lock_acquire_recursive
                0x08004288        0x4 I:/arm-gnu-toolchain-13.2.rel1-mingw-w64-i686-arm-none-eabi/arm-gnu-toolchain-13.2.Rel1-mingw-w64-i686-arm-none-eabi/bin/../lib/gcc/arm-none-eabi/13.2.1/thumb/v7-m/nofp\libg.a(libc_a-lock.o)
                0x08004288                __retarget_lock_acquire_recursive
 .text.__retarget_lock_release_recursive
                0x0800428c        0x4 I:/arm-gnu-toolchain-13.2.rel1-mingw-w64-i686-arm-none-eabi/arm-gnu-toolchain-13.2.Rel1-mingw-w64-i686-arm-none-eabi/bin/../lib/gcc/arm-none-eabi/13.2.1/thumb/v7-m/nofp\libg.a(libc_a-lock.o)
                0x0800428c                __retarget_lock_release_recursive
 .text.strlen   0x08004290       0x5c I:/arm-gnu-toolchain-13.2.rel1-mingw-w64-i686-arm-none-eabi/arm-gnu-toolchain-13.2.Rel1-mingw-w64-i686-arm-none-eabi/bin/../lib/gcc/arm-none-eabi/13.2.1/thumb/v7-m/nofp\libg.a(libc_a-strlen-stub.o)
                0x08004290                strlen
 .text.startup.register_fini
                0x080042ec       0x14 I:/arm-gnu-toolchain-13.2.rel1-mingw-w64-i686-arm-none-eabi/arm-gnu-toolchain-13.2.Rel1-mingw-w64-i686-arm-none-eabi/bin/../lib/gcc/arm-none-eabi/13.2.1/thumb/v7-m/nofp\libg.a(libc_a-__call_atexit.o)
 .text.atexit   0x08004300        0xc I:/arm-gnu-toolchain-13.2.rel1-mingw-w64-i686-arm-none-eabi/arm-gnu-toolchain-13.2.Rel1-mingw-w64-i686-arm-none-eabi/bin/../lib/gcc/arm-none-eabi/13.2.1/thumb/v7-m/nofp\libg.a(libc_a-atexit.o)
                0x08004300                atexit
 .text._malloc_trim_r
                0x0800430c       0xb8 I:/arm-gnu-toolchain-13.2.rel1-mingw-w64-i686-arm-none-eabi/arm-gnu-toolchain-13.2.Rel1-mingw-w64-i686-arm-none-eabi/bin/../lib/gcc/arm-none-eabi/13.2.1/thumb/v7-m/nofp\libg.a(libc_a-freer.o)
                0x0800430c                _malloc_trim_r
 .text._free_r  0x080043c4      0x1f8 I:/arm-gnu-toolchain-13.2.rel1-mingw-w64-i686-arm-none-eabi/arm-gnu-toolchain-13.2.Rel1-mingw-w64-i686-arm-none-eabi/bin/../lib/gcc/arm-none-eabi/13.2.1/thumb/v7-m/nofp\libg.a(libc_a-freer.o)
                0x080043c4                _free_r
 .text._malloc_r
                0x080045bc      0x568 I:/arm-gnu-toolchain-13.2.rel1-mingw-w64-i686-arm-none-eabi/arm-gnu-toolchain-13.2.Rel1-mingw-w64-i686-arm-none-eabi/bin/../lib/gcc/arm-none-eabi/13.2.1/thumb/v7-m/nofp\libg.a(libc_a-mallocr.o)
                0x080045bc                _malloc_r
 .text.__malloc_lock
                0x08004b24        0xc I:/arm-gnu-toolchain-13.2.rel1-mingw-w64-i686-arm-none-eabi/arm-gnu-toolchain-13.2.Rel1-mingw-w64-i686-arm-none-eabi/bin/../lib/gcc/arm-none-eabi/13.2.1/thumb/v7-m/nofp\libg.a(libc_a-mlock.o)
                0x08004b24                __malloc_lock
 .text.__malloc_unlock
                0x08004b30        0xc I:/arm-gnu-toolchain-13.2.rel1-mingw-w64-i686-arm-none-eabi/arm-gnu-toolchain-13.2.Rel1-mingw-w64-i686-arm-none-eabi/bin/../lib/gcc/arm-none-eabi/13.2.1/thumb/v7-m/nofp\libg.a(libc_a-mlock.o)
                0x08004b30                __malloc_unlock
 .text._vfprintf_r
                0x08004b3c     0x1bf0 I:/arm-gnu-toolchain-13.2.rel1-mingw-w64-i686-arm-none-eabi/arm-gnu-toolchain-13.2.Rel1-mingw-w64-i686-arm-none-eabi/bin/../lib/gcc/arm-none-eabi/13.2.1/thumb/v7-m/nofp\libg.a(libc_a-vfprintf.o)
                0x08004b3c                _vfprintf_r
 .text.__sbprintf
                0x0800672c       0x80 I:/arm-gnu-toolchain-13.2.rel1-mingw-w64-i686-arm-none-eabi/arm-gnu-toolchain-13.2.Rel1-mingw-w64-i686-arm-none-eabi/bin/../lib/gcc/arm-none-eabi/13.2.1/thumb/v7-m/nofp\libg.a(libc_a-vfprintf.o)
 .text.__sprint_r.part.0
                0x080067ac       0x78 I:/arm-gnu-toolchain-13.2.rel1-mingw-w64-i686-arm-none-eabi/arm-gnu-toolchain-13.2.Rel1-mingw-w64-i686-arm-none-eabi/bin/../lib/gcc/arm-none-eabi/13.2.1/thumb/v7-m/nofp\libg.a(libc_a-vfiprintf.o)
 .text.__sprint_r
                0x08006824       0x14 I:/arm-gnu-toolchain-13.2.rel1-mingw-w64-i686-arm-none-eabi/arm-gnu-toolchain-13.2.Rel1-mingw-w64-i686-arm-none-eabi/bin/../lib/gcc/arm-none-eabi/13.2.1/thumb/v7-m/nofp\libg.a(libc_a-vfiprintf.o)
                0x08006824                __sprint_r
 .text._vfiprintf_r
                0x08006838      0xfe8 I:/arm-gnu-toolchain-13.2.rel1-mingw-w64-i686-arm-none-eabi/arm-gnu-toolchain-13.2.Rel1-mingw-w64-i686-arm-none-eabi/bin/../lib/gcc/arm-none-eabi/13.2.1/thumb/v7-m/nofp\libg.a(libc_a-vfiprintf.o)
                0x08006838                _vfiprintf_r
 .text.__sbprintf
                0x08007820       0x80 I:/arm-gnu-toolchain-13.2.rel1-mingw-w64-i686-arm-none-eabi/arm-gnu-toolchain-13.2.Rel1-mingw-w64-i686-arm-none-eabi/bin/../lib/gcc/arm-none-eabi/13.2.1/thumb/v7-m/nofp\libg.a(libc_a-vfiprintf.o)
 .text._fclose_r
                0x080078a0       0xc0 I:/arm-gnu-toolchain-13.2.rel1-mingw-w64-i686-arm-none-eabi/arm-gnu-toolchain-13.2.Rel1-mingw-w64-i686-arm-none-eabi/bin/../lib/gcc/arm-none-eabi/13.2.1/thumb/v7-m/nofp\libg.a(libc_a-fclose.o)
                0x080078a0                _fclose_r
 .text.__sflush_r
                0x08007960      0x128 I:/arm-gnu-toolchain-13.2.rel1-mingw-w64-i686-arm-none-eabi/arm-gnu-toolchain-13.2.Rel1-mingw-w64-i686-arm-none-eabi/bin/../lib/gcc/arm-none-eabi/13.2.1/thumb/v7-m/nofp\libg.a(libc_a-fflush.o)
                0x08007960                __sflush_r
 .text._fflush_r
                0x08007a88       0x54 I:/arm-gnu-toolchain-13.2.rel1-mingw-w64-i686-arm-none-eabi/arm-gnu-toolchain-13.2.Rel1-mingw-w64-i686-arm-none-eabi/bin/../lib/gcc/arm-none-eabi/13.2.1/thumb/v7-m/nofp\libg.a(libc_a-fflush.o)
                0x08007a88                _fflush_r
 .text.__sfvwrite_r
                0x08007adc      0x2ec I:/arm-gnu-toolchain-13.2.rel1-mingw-w64-i686-arm-none-eabi/arm-gnu-toolchain-13.2.Rel1-mingw-w64-i686-arm-none-eabi/bin/../lib/gcc/arm-none-eabi/13.2.1/thumb/v7-m/nofp\libg.a(libc_a-fvwrite.o)
                0x08007adc                __sfvwrite_r
 .text.__swsetup_r
                0x08007dc8       0xc4 I:/arm-gnu-toolchain-13.2.rel1-mingw-w64-i686-arm-none-eabi/arm-gnu-toolchain-13.2.Rel1-mingw-w64-i686-arm-none-eabi/bin/../lib/gcc/arm-none-eabi/13.2.1/thumb/v7-m/nofp\libg.a(libc_a-wsetup.o)
                0x08007dc8                __swsetup_r
 .text.__fputwc
                0x08007e8c       0x7c I:/arm-gnu-toolchain-13.2.rel1-mingw-w64-i686-arm-none-eabi/arm-gnu-toolchain-13.2.Rel1-mingw-w64-i686-arm-none-eabi/bin/../lib/gcc/arm-none-eabi/13.2.1/thumb/v7-m/nofp\libg.a(libc_a-fputwc.o)
                0x08007e8c                __fputwc
 .text._fputwc_r
                0x08007f08       0x60 I:/arm-gnu-toolchain-13.2.rel1-mingw-w64-i686-arm-none-eabi/arm-gnu-toolchain-13.2.Rel1-mingw-w64-i686-arm-none-eabi/bin/../lib/gcc/arm-none-eabi/13.2.1/thumb/v7-m/nofp\libg.a(libc_a-fputwc.o)
                0x08007f08                _fputwc_r
 .text.memmove  0x08007f68       0xfc I:/arm-gnu-toolchain-13.2.rel1-mingw-w64-i686-arm-none-eabi/arm-gnu-toolchain-13.2.Rel1-mingw-w64-i686-arm-none-eabi/bin/../lib/gcc/arm-none-eabi/13.2.1/thumb/v7-m/nofp\libg.a(libc_a-memmove.o)
                0x08007f68                memmove
 .text.strncpy  0x08008064       0x6c I:/arm-gnu-toolchain-13.2.rel1-mingw-w64-i686-arm-none-eabi/arm-gnu-toolchain-13.2.Rel1-mingw-w64-i686-arm-none-eabi/bin/../lib/gcc/arm-none-eabi/13.2.1/thumb/v7-m/nofp\libg.a(libc_a-strncpy.o)
                0x08008064                strncpy
 .text.__locale_mb_cur_max
                0x080080d0        0xc I:/arm-gnu-toolchain-13.2.rel1-mingw-w64-i686-arm-none-eabi/arm-gnu-toolchain-13.2.Rel1-mingw-w64-i686-arm-none-eabi/bin/../lib/gcc/arm-none-eabi/13.2.1/thumb/v7-m/nofp\libg.a(libc_a-locale.o)
                0x080080d0                __locale_mb_cur_max
 .text._localeconv_r
                0x080080dc        0x8 I:/arm-gnu-toolchain-13.2.rel1-mingw-w64-i686-arm-none-eabi/arm-gnu-toolchain-13.2.Rel1-mingw-w64-i686-arm-none-eabi/bin/../lib/gcc/arm-none-eabi/13.2.1/thumb/v7-m/nofp\libg.a(libc_a-localeconv.o)
                0x080080dc                _localeconv_r
 .text._sbrk_r  0x080080e4       0x24 I:/arm-gnu-toolchain-13.2.rel1-mingw-w64-i686-arm-none-eabi/arm-gnu-toolchain-13.2.Rel1-mingw-w64-i686-arm-none-eabi/bin/../lib/gcc/arm-none-eabi/13.2.1/thumb/v7-m/nofp\libg.a(libc_a-sbrkr.o)
                0x080080e4                _sbrk_r
 .text.__libc_fini_array
                0x08008108       0x28 I:/arm-gnu-toolchain-13.2.rel1-mingw-w64-i686-arm-none-eabi/arm-gnu-toolchain-13.2.Rel1-mingw-w64-i686-arm-none-eabi/bin/../lib/gcc/arm-none-eabi/13.2.1/thumb/v7-m/nofp\libg.a(libc_a-fini.o)
                0x08008108                __libc_fini_array
 .text.sysconf  0x08008130       0x1c I:/arm-gnu-toolchain-13.2.rel1-mingw-w64-i686-arm-none-eabi/arm-gnu-toolchain-13.2.Rel1-mingw-w64-i686-arm-none-eabi/bin/../lib/gcc/arm-none-eabi/13.2.1/thumb/v7-m/nofp\libg.a(libc_a-sysconf.o)
                0x08008130                sysconf
 .text.memchr   0x0800814c       0x98 I:/arm-gnu-toolchain-13.2.rel1-mingw-w64-i686-arm-none-eabi/arm-gnu-toolchain-13.2.Rel1-mingw-w64-i686-arm-none-eabi/bin/../lib/gcc/arm-none-eabi/13.2.1/thumb/v7-m/nofp\libg.a(libc_a-memchr-stub.o)
                0x0800814c                memchr
 .text.frexp    0x080081e4       0x6c I:/arm-gnu-toolchain-13.2.rel1-mingw-w64-i686-arm-none-eabi/arm-gnu-toolchain-13.2.Rel1-mingw-w64-i686-arm-none-eabi/bin/../lib/gcc/arm-none-eabi/13.2.1/thumb/v7-m/nofp\libg.a(libm_a-s_frexp.o)
                0x080081e4                frexp
 .text.__register_exitproc
                0x08008250       0x80 I:/arm-gnu-toolchain-13.2.rel1-mingw-w64-i686-arm-none-eabi/arm-gnu-toolchain-13.2.Rel1-mingw-w64-i686-arm-none-eabi/bin/../lib/gcc/arm-none-eabi/13.2.1/thumb/v7-m/nofp\libg.a(libc_a-__atexit.o)
                0x08008250                __register_exitproc
 .text.quorem   0x080082d0      0x13c I:/arm-gnu-toolchain-13.2.rel1-mingw-w64-i686-arm-none-eabi/arm-gnu-toolchain-13.2.Rel1-mingw-w64-i686-arm-none-eabi/bin/../lib/gcc/arm-none-eabi/13.2.1/thumb/v7-m/nofp\libg.a(libc_a-dtoa.o)
 *fill*         0x0800840c        0x4 
 .text._dtoa_r  0x08008410      0xe94 I:/arm-gnu-toolchain-13.2.rel1-mingw-w64-i686-arm-none-eabi/arm-gnu-toolchain-13.2.Rel1-mingw-w64-i686-arm-none-eabi/bin/../lib/gcc/arm-none-eabi/13.2.1/thumb/v7-m/nofp\libg.a(libc_a-dtoa.o)
                0x08008410                _dtoa_r
 .text.__ascii_mbtowc
                0x080092a4       0x2c I:/arm-gnu-toolchain-13.2.rel1-mingw-w64-i686-arm-none-eabi/arm-gnu-toolchain-13.2.Rel1-mingw-w64-i686-arm-none-eabi/bin/../lib/gcc/arm-none-eabi/13.2.1/thumb/v7-m/nofp\libg.a(libc_a-mbtowc_r.o)
                0x080092a4                __ascii_mbtowc
 .text._Balloc  0x080092d0       0x4c I:/arm-gnu-toolchain-13.2.rel1-mingw-w64-i686-arm-none-eabi/arm-gnu-toolchain-13.2.Rel1-mingw-w64-i686-arm-none-eabi/bin/../lib/gcc/arm-none-eabi/13.2.1/thumb/v7-m/nofp\libg.a(libc_a-mprec.o)
                0x080092d0                _Balloc
 .text._Bfree   0x0800931c       0x14 I:/arm-gnu-toolchain-13.2.rel1-mingw-w64-i686-arm-none-eabi/arm-gnu-toolchain-13.2.Rel1-mingw-w64-i686-arm-none-eabi/bin/../lib/gcc/arm-none-eabi/13.2.1/thumb/v7-m/nofp\libg.a(libc_a-mprec.o)
                0x0800931c                _Bfree
 .text.__multadd
                0x08009330       0xa4 I:/arm-gnu-toolchain-13.2.rel1-mingw-w64-i686-arm-none-eabi/arm-gnu-toolchain-13.2.Rel1-mingw-w64-i686-arm-none-eabi/bin/../lib/gcc/arm-none-eabi/13.2.1/thumb/v7-m/nofp\libg.a(libc_a-mprec.o)
                0x08009330                __multadd
 .text.__hi0bits
                0x080093d4       0x44 I:/arm-gnu-toolchain-13.2.rel1-mingw-w64-i686-arm-none-eabi/arm-gnu-toolchain-13.2.Rel1-mingw-w64-i686-arm-none-eabi/bin/../lib/gcc/arm-none-eabi/13.2.1/thumb/v7-m/nofp\libg.a(libc_a-mprec.o)
                0x080093d4                __hi0bits
 .text.__lo0bits
                0x08009418       0x5c I:/arm-gnu-toolchain-13.2.rel1-mingw-w64-i686-arm-none-eabi/arm-gnu-toolchain-13.2.Rel1-mingw-w64-i686-arm-none-eabi/bin/../lib/gcc/arm-none-eabi/13.2.1/thumb/v7-m/nofp\libg.a(libc_a-mprec.o)
                0x08009418                __lo0bits
 .text.__i2b    0x08009474       0x5c I:/arm-gnu-toolchain-13.2.rel1-mingw-w64-i686-arm-none-eabi/arm-gnu-toolchain-13.2.Rel1-mingw-w64-i686-arm-none-eabi/bin/../lib/gcc/arm-none-eabi/13.2.1/thumb/v7-m/nofp\libg.a(libc_a-mprec.o)
                0x08009474                __i2b
 .text.__multiply
                0x080094d0      0x164 I:/arm-gnu-toolchain-13.2.rel1-mingw-w64-i686-arm-none-eabi/arm-gnu-toolchain-13.2.Rel1-mingw-w64-i686-arm-none-eabi/bin/../lib/gcc/arm-none-eabi/13.2.1/thumb/v7-m/nofp\libg.a(libc_a-mprec.o)
                0x080094d0                __multiply
 .text.__pow5mult
                0x08009634       0xb4 I:/arm-gnu-toolchain-13.2.rel1-mingw-w64-i686-arm-none-eabi/arm-gnu-toolchain-13.2.Rel1-mingw-w64-i686-arm-none-eabi/bin/../lib/gcc/arm-none-eabi/13.2.1/thumb/v7-m/nofp\libg.a(libc_a-mprec.o)
                0x08009634                __pow5mult
 .text.__lshift
                0x080096e8       0xec I:/arm-gnu-toolchain-13.2.rel1-mingw-w64-i686-arm-none-eabi/arm-gnu-toolchain-13.2.Rel1-mingw-w64-i686-arm-none-eabi/bin/../lib/gcc/arm-none-eabi/13.2.1/thumb/v7-m/nofp\libg.a(libc_a-mprec.o)
                0x080096e8                __lshift
 .text.__mcmp   0x080097d4       0x40 I:/arm-gnu-toolchain-13.2.rel1-mingw-w64-i686-arm-none-eabi/arm-gnu-toolchain-13.2.Rel1-mingw-w64-i686-arm-none-eabi/bin/../lib/gcc/arm-none-eabi/13.2.1/thumb/v7-m/nofp\libg.a(libc_a-mprec.o)
                0x080097d4                __mcmp
 .text.__mdiff  0x08009814      0x178 I:/arm-gnu-toolchain-13.2.rel1-mingw-w64-i686-arm-none-eabi/arm-gnu-toolchain-13.2.Rel1-mingw-w64-i686-arm-none-eabi/bin/../lib/gcc/arm-none-eabi/13.2.1/thumb/v7-m/nofp\libg.a(libc_a-mprec.o)
                0x08009814                __mdiff
 .text.__d2b    0x0800998c       0xbc I:/arm-gnu-toolchain-13.2.rel1-mingw-w64-i686-arm-none-eabi/arm-gnu-toolchain-13.2.Rel1-mingw-w64-i686-arm-none-eabi/bin/../lib/gcc/arm-none-eabi/13.2.1/thumb/v7-m/nofp\libg.a(libc_a-mprec.o)
                0x0800998c                __d2b
 .text._realloc_r
                0x08009a48      0x34c I:/arm-gnu-toolchain-13.2.rel1-mingw-w64-i686-arm-none-eabi/arm-gnu-toolchain-13.2.Rel1-mingw-w64-i686-arm-none-eabi/bin/../lib/gcc/arm-none-eabi/13.2.1/thumb/v7-m/nofp\libg.a(libc_a-reallocr.o)
                0x08009a48                _realloc_r
 .text.__ascii_wctomb
                0x08009d94       0x1c I:/arm-gnu-toolchain-13.2.rel1-mingw-w64-i686-arm-none-eabi/arm-gnu-toolchain-13.2.Rel1-mingw-w64-i686-arm-none-eabi/bin/../lib/gcc/arm-none-eabi/13.2.1/thumb/v7-m/nofp\libg.a(libc_a-wctomb_r.o)
                0x08009d94                __ascii_wctomb
 .text._wcrtomb_r
                0x08009db0       0x4c I:/arm-gnu-toolchain-13.2.rel1-mingw-w64-i686-arm-none-eabi/arm-gnu-toolchain-13.2.Rel1-mingw-w64-i686-arm-none-eabi/bin/../lib/gcc/arm-none-eabi/13.2.1/thumb/v7-m/nofp\libg.a(libc_a-wcrtomb.o)
                0x08009db0                _wcrtomb_r
 .text._wcsrtombs_r
                0x08009dfc       0x18 I:/arm-gnu-toolchain-13.2.rel1-mingw-w64-i686-arm-none-eabi/arm-gnu-toolchain-13.2.Rel1-mingw-w64-i686-arm-none-eabi/bin/../lib/gcc/arm-none-eabi/13.2.1/thumb/v7-m/nofp\libg.a(libc_a-wcsrtombs.o)
                0x08009dfc                _wcsrtombs_r
 .text.__smakebuf_r
                0x08009e14       0xdc I:/arm-gnu-toolchain-13.2.rel1-mingw-w64-i686-arm-none-eabi/arm-gnu-toolchain-13.2.Rel1-mingw-w64-i686-arm-none-eabi/bin/../lib/gcc/arm-none-eabi/13.2.1/thumb/v7-m/nofp\libg.a(libc_a-makebuf.o)
                0x08009e14                __smakebuf_r
 .text.__swbuf_r
                0x08009ef0       0xac I:/arm-gnu-toolchain-13.2.rel1-mingw-w64-i686-arm-none-eabi/arm-gnu-toolchain-13.2.Rel1-mingw-w64-i686-arm-none-eabi/bin/../lib/gcc/arm-none-eabi/13.2.1/thumb/v7-m/nofp\libg.a(libc_a-wbuf.o)
                0x08009ef0                __swbuf_r
 .text._fstat_r
                0x08009f9c       0x28 I:/arm-gnu-toolchain-13.2.rel1-mingw-w64-i686-arm-none-eabi/arm-gnu-toolchain-13.2.Rel1-mingw-w64-i686-arm-none-eabi/bin/../lib/gcc/arm-none-eabi/13.2.1/thumb/v7-m/nofp\libg.a(libc_a-fstatr.o)
                0x08009f9c                _fstat_r
 .text._isatty_r
                0x08009fc4       0x24 I:/arm-gnu-toolchain-13.2.rel1-mingw-w64-i686-arm-none-eabi/arm-gnu-toolchain-13.2.Rel1-mingw-w64-i686-arm-none-eabi/bin/../lib/gcc/arm-none-eabi/13.2.1/thumb/v7-m/nofp\libg.a(libc_a-isattyr.o)
                0x08009fc4                _isatty_r
 .text.__assert_func
                0x08009fe8       0x40 I:/arm-gnu-toolchain-13.2.rel1-mingw-w64-i686-arm-none-eabi/arm-gnu-toolchain-13.2.Rel1-mingw-w64-i686-arm-none-eabi/bin/../lib/gcc/arm-none-eabi/13.2.1/thumb/v7-m/nofp\libg.a(libc_a-assert.o)
                0x08009fe8                __assert_func
 .text._calloc_r
                0x0800a028       0x6c I:/arm-gnu-toolchain-13.2.rel1-mingw-w64-i686-arm-none-eabi/arm-gnu-toolchain-13.2.Rel1-mingw-w64-i686-arm-none-eabi/bin/../lib/gcc/arm-none-eabi/13.2.1/thumb/v7-m/nofp\libg.a(libc_a-callocr.o)
                0x0800a028                _calloc_r
 .text._wcsnrtombs_l
                0x0800a094       0xec I:/arm-gnu-toolchain-13.2.rel1-mingw-w64-i686-arm-none-eabi/arm-gnu-toolchain-13.2.Rel1-mingw-w64-i686-arm-none-eabi/bin/../lib/gcc/arm-none-eabi/13.2.1/thumb/v7-m/nofp\libg.a(libc_a-wcsnrtombs.o)
                0x0800a094                _wcsnrtombs_l
 .text._wcsnrtombs_r
                0x0800a180       0x24 I:/arm-gnu-toolchain-13.2.rel1-mingw-w64-i686-arm-none-eabi/arm-gnu-toolchain-13.2.Rel1-mingw-w64-i686-arm-none-eabi/bin/../lib/gcc/arm-none-eabi/13.2.1/thumb/v7-m/nofp\libg.a(libc_a-wcsnrtombs.o)
                0x0800a180                _wcsnrtombs_r
 .text.fiprintf
                0x0800a1a4       0x28 I:/arm-gnu-toolchain-13.2.rel1-mingw-w64-i686-arm-none-eabi/arm-gnu-toolchain-13.2.Rel1-mingw-w64-i686-arm-none-eabi/bin/../lib/gcc/arm-none-eabi/13.2.1/thumb/v7-m/nofp\libg.a(libc_a-fiprintf.o)
                0x0800a1a4                fiprintf
 .text.abort    0x0800a1cc       0x10 I:/arm-gnu-toolchain-13.2.rel1-mingw-w64-i686-arm-none-eabi/arm-gnu-toolchain-13.2.Rel1-mingw-w64-i686-arm-none-eabi/bin/../lib/gcc/arm-none-eabi/13.2.1/thumb/v7-m/nofp\libg.a(libc_a-abort.o)
                0x0800a1cc                abort
 .text.raise    0x0800a1dc       0x58 I:/arm-gnu-toolchain-13.2.rel1-mingw-w64-i686-arm-none-eabi/arm-gnu-toolchain-13.2.Rel1-mingw-w64-i686-arm-none-eabi/bin/../lib/gcc/arm-none-eabi/13.2.1/thumb/v7-m/nofp\libg.a(libc_a-signal.o)
                0x0800a1dc                raise
 .text._kill_r  0x0800a234       0x28 I:/arm-gnu-toolchain-13.2.rel1-mingw-w64-i686-arm-none-eabi/arm-gnu-toolchain-13.2.Rel1-mingw-w64-i686-arm-none-eabi/bin/../lib/gcc/arm-none-eabi/13.2.1/thumb/v7-m/nofp\libg.a(libc_a-signalr.o)
                0x0800a234                _kill_r
 .text._getpid_r
                0x0800a25c        0x4 I:/arm-gnu-toolchain-13.2.rel1-mingw-w64-i686-arm-none-eabi/arm-gnu-toolchain-13.2.Rel1-mingw-w64-i686-arm-none-eabi/bin/../lib/gcc/arm-none-eabi/13.2.1/thumb/v7-m/nofp\libg.a(libc_a-signalr.o)
                0x0800a25c                _getpid_r
 .text.floor    0x0800a260      0x108 I:/arm-gnu-toolchain-13.2.rel1-mingw-w64-i686-arm-none-eabi/arm-gnu-toolchain-13.2.Rel1-mingw-w64-i686-arm-none-eabi/bin/../lib/gcc/arm-none-eabi/13.2.1/thumb/v7-m/nofp\libm.a(libm_a-s_floor.o)
                0x0800a260                floor
 *(.glue_7)
 .glue_7        0x0800a368        0x0 linker stubs
 *(.glue_7t)
 .glue_7t       0x0800a368        0x0 linker stubs
 *(.eh_frame)
 .eh_frame      0x0800a368        0x0 I:/arm-gnu-toolchain-13.2.rel1-mingw-w64-i686-arm-none-eabi/arm-gnu-toolchain-13.2.Rel1-mingw-w64-i686-arm-none-eabi/bin/../lib/gcc/arm-none-eabi/13.2.1/thumb/v7-m/nofp/crtbegin.o
 *(.init)
 .init          0x0800a368        0x4 I:/arm-gnu-toolchain-13.2.rel1-mingw-w64-i686-arm-none-eabi/arm-gnu-toolchain-13.2.Rel1-mingw-w64-i686-arm-none-eabi/bin/../lib/gcc/arm-none-eabi/13.2.1/thumb/v7-m/nofp/crti.o
                0x0800a368                _init
 .init          0x0800a36c        0x8 I:/arm-gnu-toolchain-13.2.rel1-mingw-w64-i686-arm-none-eabi/arm-gnu-toolchain-13.2.Rel1-mingw-w64-i686-arm-none-eabi/bin/../lib/gcc/arm-none-eabi/13.2.1/thumb/v7-m/nofp/crtn.o
 *(.fini)
 .fini          0x0800a374        0x4 I:/arm-gnu-toolchain-13.2.rel1-mingw-w64-i686-arm-none-eabi/arm-gnu-toolchain-13.2.Rel1-mingw-w64-i686-arm-none-eabi/bin/../lib/gcc/arm-none-eabi/13.2.1/thumb/v7-m/nofp/crti.o
                0x0800a374                _fini
 .fini          0x0800a378        0x8 I:/arm-gnu-toolchain-13.2.rel1-mingw-w64-i686-arm-none-eabi/arm-gnu-toolchain-13.2.Rel1-mingw-w64-i686-arm-none-eabi/bin/../lib/gcc/arm-none-eabi/13.2.1/thumb/v7-m/nofp/crtn.o
                0x0800a380                        . = ALIGN (0x4)
                0x0800a380                        _etext = .

.vfp11_veneer   0x0800a380        0x0
 .vfp11_veneer  0x0800a380        0x0 linker stubs

.v4_bx          0x0800a380        0x0
 .v4_bx         0x0800a380        0x0 linker stubs

.iplt           0x0800a380        0x0
 .iplt          0x0800a380        0x0 I:/arm-gnu-toolchain-13.2.rel1-mingw-w64-i686-arm-none-eabi/arm-gnu-toolchain-13.2.Rel1-mingw-w64-i686-arm-none-eabi/bin/../lib/gcc/arm-none-eabi/13.2.1/thumb/v7-m/nofp/crtbegin.o

.rodata         0x0800a380      0x46c
                0x0800a380                        . = ALIGN (0x4)
 *(.rodata)
 *(.rodata*)
 .rodata.main.str1.4
                0x0800a380      0x1fb CMakeFiles/C8T6_Balance.elf.dir/Core/Src/main.c.obj
                                 0x16 (size before relaxing)
 *fill*         0x0800a57b        0x1 
 .rodata.APBPrescTable
                0x0800a57c        0x8 CMakeFiles/C8T6_Balance.elf.dir/Core/Src/system_stm32f1xx.c.obj
                0x0800a57c                APBPrescTable
 .rodata.AHBPrescTable
                0x0800a584       0x10 CMakeFiles/C8T6_Balance.elf.dir/Core/Src/system_stm32f1xx.c.obj
                0x0800a584                AHBPrescTable
 .rodata.aPredivFactorTable.0
                0x0800a594        0x2 CMakeFiles/C8T6_Balance.elf.dir/Drivers/STM32F1xx_HAL_Driver/Src/stm32f1xx_hal_rcc.c.obj
 *fill*         0x0800a596        0x2 
 .rodata.aPLLMULFactorTable.1
                0x0800a598       0x10 CMakeFiles/C8T6_Balance.elf.dir/Drivers/STM32F1xx_HAL_Driver/Src/stm32f1xx_hal_rcc.c.obj
 .rodata.openmv_receive_data.str1.4
                0x0800a5a8       0x37 CMakeFiles/C8T6_Balance.elf.dir/M_Algorithm/openmv_1.c.obj
 .rodata._puts_r.str1.4
                0x0800a5a8        0x2 I:/arm-gnu-toolchain-13.2.rel1-mingw-w64-i686-arm-none-eabi/arm-gnu-toolchain-13.2.Rel1-mingw-w64-i686-arm-none-eabi/bin/../lib/gcc/arm-none-eabi/13.2.1/thumb/v7-m/nofp\libg.a(libc_a-puts.o)
 .rodata._vfprintf_r.str1.4
                0x0800a5a8       0x42 I:/arm-gnu-toolchain-13.2.rel1-mingw-w64-i686-arm-none-eabi/arm-gnu-toolchain-13.2.Rel1-mingw-w64-i686-arm-none-eabi/bin/../lib/gcc/arm-none-eabi/13.2.1/thumb/v7-m/nofp\libg.a(libc_a-vfprintf.o)
 .rodata.zeroes.0
                0x0800a5a8       0x10 I:/arm-gnu-toolchain-13.2.rel1-mingw-w64-i686-arm-none-eabi/arm-gnu-toolchain-13.2.Rel1-mingw-w64-i686-arm-none-eabi/bin/../lib/gcc/arm-none-eabi/13.2.1/thumb/v7-m/nofp\libg.a(libc_a-vfprintf.o)
 .rodata.blanks.1
                0x0800a5b8       0x10 I:/arm-gnu-toolchain-13.2.rel1-mingw-w64-i686-arm-none-eabi/arm-gnu-toolchain-13.2.Rel1-mingw-w64-i686-arm-none-eabi/bin/../lib/gcc/arm-none-eabi/13.2.1/thumb/v7-m/nofp\libg.a(libc_a-vfprintf.o)
 .rodata._vfiprintf_r.str1.4
                0x0800a5c8       0x2f I:/arm-gnu-toolchain-13.2.rel1-mingw-w64-i686-arm-none-eabi/arm-gnu-toolchain-13.2.Rel1-mingw-w64-i686-arm-none-eabi/bin/../lib/gcc/arm-none-eabi/13.2.1/thumb/v7-m/nofp\libg.a(libc_a-vfiprintf.o)
 .rodata.zeroes.0
                0x0800a5c8       0x10 I:/arm-gnu-toolchain-13.2.rel1-mingw-w64-i686-arm-none-eabi/arm-gnu-toolchain-13.2.Rel1-mingw-w64-i686-arm-none-eabi/bin/../lib/gcc/arm-none-eabi/13.2.1/thumb/v7-m/nofp\libg.a(libc_a-vfiprintf.o)
 .rodata.blanks.1
                0x0800a5d8       0x10 I:/arm-gnu-toolchain-13.2.rel1-mingw-w64-i686-arm-none-eabi/arm-gnu-toolchain-13.2.Rel1-mingw-w64-i686-arm-none-eabi/bin/../lib/gcc/arm-none-eabi/13.2.1/thumb/v7-m/nofp\libg.a(libc_a-vfiprintf.o)
 .rodata.str1.4
                0x0800a5e8       0x4c I:/arm-gnu-toolchain-13.2.rel1-mingw-w64-i686-arm-none-eabi/arm-gnu-toolchain-13.2.Rel1-mingw-w64-i686-arm-none-eabi/bin/../lib/gcc/arm-none-eabi/13.2.1/thumb/v7-m/nofp\libg.a(libc_a-locale.o)
 .rodata._dtoa_r.str1.4
                0x0800a5e8       0x81 I:/arm-gnu-toolchain-13.2.rel1-mingw-w64-i686-arm-none-eabi/arm-gnu-toolchain-13.2.Rel1-mingw-w64-i686-arm-none-eabi/bin/../lib/gcc/arm-none-eabi/13.2.1/thumb/v7-m/nofp\libg.a(libc_a-dtoa.o)
 .rodata.__multadd.str1.4
                0x0800a5e8       0x6e I:/arm-gnu-toolchain-13.2.rel1-mingw-w64-i686-arm-none-eabi/arm-gnu-toolchain-13.2.Rel1-mingw-w64-i686-arm-none-eabi/bin/../lib/gcc/arm-none-eabi/13.2.1/thumb/v7-m/nofp\libg.a(libc_a-mprec.o)
 .rodata.p05.0  0x0800a5e8        0xc I:/arm-gnu-toolchain-13.2.rel1-mingw-w64-i686-arm-none-eabi/arm-gnu-toolchain-13.2.Rel1-mingw-w64-i686-arm-none-eabi/bin/../lib/gcc/arm-none-eabi/13.2.1/thumb/v7-m/nofp\libg.a(libc_a-mprec.o)
 *fill*         0x0800a5f4        0x4 
 .rodata.__mprec_bigtens
                0x0800a5f8       0x28 I:/arm-gnu-toolchain-13.2.rel1-mingw-w64-i686-arm-none-eabi/arm-gnu-toolchain-13.2.Rel1-mingw-w64-i686-arm-none-eabi/bin/../lib/gcc/arm-none-eabi/13.2.1/thumb/v7-m/nofp\libg.a(libc_a-mprec.o)
                0x0800a5f8                __mprec_bigtens
 .rodata.__mprec_tens
                0x0800a620       0xc8 I:/arm-gnu-toolchain-13.2.rel1-mingw-w64-i686-arm-none-eabi/arm-gnu-toolchain-13.2.Rel1-mingw-w64-i686-arm-none-eabi/bin/../lib/gcc/arm-none-eabi/13.2.1/thumb/v7-m/nofp\libg.a(libc_a-mprec.o)
                0x0800a620                __mprec_tens
 .rodata._ctype_
                0x0800a6e8      0x101 I:/arm-gnu-toolchain-13.2.rel1-mingw-w64-i686-arm-none-eabi/arm-gnu-toolchain-13.2.Rel1-mingw-w64-i686-arm-none-eabi/bin/../lib/gcc/arm-none-eabi/13.2.1/thumb/v7-m/nofp\libg.a(libc_a-ctype_.o)
                0x0800a6e8                _ctype_
 .rodata.__assert_func.str1.4
                0x0800a7e9       0x43 I:/arm-gnu-toolchain-13.2.rel1-mingw-w64-i686-arm-none-eabi/arm-gnu-toolchain-13.2.Rel1-mingw-w64-i686-arm-none-eabi/bin/../lib/gcc/arm-none-eabi/13.2.1/thumb/v7-m/nofp\libg.a(libc_a-assert.o)
                0x0800a82c                        . = ALIGN (0x4)
 *fill*         0x0800a7e9        0x3 

.ARM.extab      0x0800a7ec        0x0
                0x0800a7ec                        . = ALIGN (0x4)
 *(.ARM.extab* .gnu.linkonce.armextab.*)
                0x0800a7ec                        . = ALIGN (0x4)

.ARM            0x0800a7ec        0x8
                0x0800a7ec                        . = ALIGN (0x4)
                0x0800a7ec                        __exidx_start = .
 *(.ARM.exidx*)
 .ARM.exidx     0x0800a7ec        0x8 I:/arm-gnu-toolchain-13.2.rel1-mingw-w64-i686-arm-none-eabi/arm-gnu-toolchain-13.2.Rel1-mingw-w64-i686-arm-none-eabi/bin/../lib/gcc/arm-none-eabi/13.2.1/thumb/v7-m/nofp\libg.a(libc_a-memcpy.o)
                0x0800a7f4                        __exidx_end = .
                0x0800a7f4                        . = ALIGN (0x4)

.preinit_array  0x0800a7f4        0x0
                0x0800a7f4                        . = ALIGN (0x4)
                0x0800a7f4                        PROVIDE (__preinit_array_start = .)
 *(.preinit_array*)
                0x0800a7f4                        PROVIDE (__preinit_array_end = .)
                0x0800a7f4                        . = ALIGN (0x4)

.init_array     0x0800a7f4        0x8
                0x0800a7f4                        . = ALIGN (0x4)
                0x0800a7f4                        PROVIDE (__init_array_start = .)
 *(SORT_BY_NAME(.init_array.*))
 .init_array.00000
                0x0800a7f4        0x4 I:/arm-gnu-toolchain-13.2.rel1-mingw-w64-i686-arm-none-eabi/arm-gnu-toolchain-13.2.Rel1-mingw-w64-i686-arm-none-eabi/bin/../lib/gcc/arm-none-eabi/13.2.1/thumb/v7-m/nofp\libg.a(libc_a-__call_atexit.o)
 *(.init_array*)
 .init_array    0x0800a7f8        0x4 I:/arm-gnu-toolchain-13.2.rel1-mingw-w64-i686-arm-none-eabi/arm-gnu-toolchain-13.2.Rel1-mingw-w64-i686-arm-none-eabi/bin/../lib/gcc/arm-none-eabi/13.2.1/thumb/v7-m/nofp/crtbegin.o
                0x0800a7fc                        PROVIDE (__init_array_end = .)
                0x0800a7fc                        . = ALIGN (0x4)

.fini_array     0x0800a7fc        0x4
                0x0800a7fc                        . = ALIGN (0x4)
                0x0800a7fc                        PROVIDE (__fini_array_start = .)
 *(SORT_BY_NAME(.fini_array.*))
 *(.fini_array*)
 .fini_array    0x0800a7fc        0x4 I:/arm-gnu-toolchain-13.2.rel1-mingw-w64-i686-arm-none-eabi/arm-gnu-toolchain-13.2.Rel1-mingw-w64-i686-arm-none-eabi/bin/../lib/gcc/arm-none-eabi/13.2.1/thumb/v7-m/nofp/crtbegin.o
                0x0800a800                        PROVIDE (__fini_array_end = .)
                0x0800a800                        . = ALIGN (0x4)
                0x0800a800                        _sidata = LOADADDR (.data)

.rel.dyn        0x0800a800        0x0
 .rel.iplt      0x0800a800        0x0 I:/arm-gnu-toolchain-13.2.rel1-mingw-w64-i686-arm-none-eabi/arm-gnu-toolchain-13.2.Rel1-mingw-w64-i686-arm-none-eabi/bin/../lib/gcc/arm-none-eabi/13.2.1/thumb/v7-m/nofp/crtbegin.o

.data           0x20000000      0x6c4 load address 0x0800a800
                0x20000000                        . = ALIGN (0x4)
                0x20000000                        _sdata = .
 *(.data)
 *(.data*)
 .data.SystemCoreClock
                0x20000000        0x4 CMakeFiles/C8T6_Balance.elf.dir/Core/Src/system_stm32f1xx.c.obj
                0x20000000                SystemCoreClock
 .data.uwTickFreq
                0x20000004        0x1 CMakeFiles/C8T6_Balance.elf.dir/Drivers/STM32F1xx_HAL_Driver/Src/stm32f1xx_hal.c.obj
                0x20000004                uwTickFreq
 *fill*         0x20000005        0x3 
 .data.uwTickPrio
                0x20000008        0x4 CMakeFiles/C8T6_Balance.elf.dir/Drivers/STM32F1xx_HAL_Driver/Src/stm32f1xx_hal.c.obj
                0x20000008                uwTickPrio
 .data.__sglue  0x2000000c        0xc I:/arm-gnu-toolchain-13.2.rel1-mingw-w64-i686-arm-none-eabi/arm-gnu-toolchain-13.2.Rel1-mingw-w64-i686-arm-none-eabi/bin/../lib/gcc/arm-none-eabi/13.2.1/thumb/v7-m/nofp\libg.a(libc_a-findfp.o)
                0x2000000c                __sglue
 .data._impure_ptr
                0x20000018        0x4 I:/arm-gnu-toolchain-13.2.rel1-mingw-w64-i686-arm-none-eabi/arm-gnu-toolchain-13.2.Rel1-mingw-w64-i686-arm-none-eabi/bin/../lib/gcc/arm-none-eabi/13.2.1/thumb/v7-m/nofp\libg.a(libc_a-impure.o)
                0x20000018                _impure_ptr
 *fill*         0x2000001c        0x4 
 .data._impure_data
                0x20000020      0x120 I:/arm-gnu-toolchain-13.2.rel1-mingw-w64-i686-arm-none-eabi/arm-gnu-toolchain-13.2.Rel1-mingw-w64-i686-arm-none-eabi/bin/../lib/gcc/arm-none-eabi/13.2.1/thumb/v7-m/nofp\libg.a(libc_a-impure.o)
                0x20000020                _impure_data
 .data.__atexit_recursive_mutex
                0x20000140        0x4 I:/arm-gnu-toolchain-13.2.rel1-mingw-w64-i686-arm-none-eabi/arm-gnu-toolchain-13.2.Rel1-mingw-w64-i686-arm-none-eabi/bin/../lib/gcc/arm-none-eabi/13.2.1/thumb/v7-m/nofp\libg.a(libc_a-__call_atexit.o)
                0x20000140                __atexit_recursive_mutex
 .data.__malloc_sbrk_base
                0x20000144        0x4 I:/arm-gnu-toolchain-13.2.rel1-mingw-w64-i686-arm-none-eabi/arm-gnu-toolchain-13.2.Rel1-mingw-w64-i686-arm-none-eabi/bin/../lib/gcc/arm-none-eabi/13.2.1/thumb/v7-m/nofp\libg.a(libc_a-mallocr.o)
                0x20000144                __malloc_sbrk_base
 .data.__malloc_trim_threshold
                0x20000148        0x4 I:/arm-gnu-toolchain-13.2.rel1-mingw-w64-i686-arm-none-eabi/arm-gnu-toolchain-13.2.Rel1-mingw-w64-i686-arm-none-eabi/bin/../lib/gcc/arm-none-eabi/13.2.1/thumb/v7-m/nofp\libg.a(libc_a-mallocr.o)
                0x20000148                __malloc_trim_threshold
 *fill*         0x2000014c        0x4 
 .data.__malloc_av_
                0x20000150      0x408 I:/arm-gnu-toolchain-13.2.rel1-mingw-w64-i686-arm-none-eabi/arm-gnu-toolchain-13.2.Rel1-mingw-w64-i686-arm-none-eabi/bin/../lib/gcc/arm-none-eabi/13.2.1/thumb/v7-m/nofp\libg.a(libc_a-mallocr.o)
                0x20000150                __malloc_av_
 .data.__global_locale
                0x20000558      0x16c I:/arm-gnu-toolchain-13.2.rel1-mingw-w64-i686-arm-none-eabi/arm-gnu-toolchain-13.2.Rel1-mingw-w64-i686-arm-none-eabi/bin/../lib/gcc/arm-none-eabi/13.2.1/thumb/v7-m/nofp\libg.a(libc_a-locale.o)
                0x20000558                __global_locale
 *(.RamFunc)
 *(.RamFunc*)
                0x200006c4                        . = ALIGN (0x4)
                0x200006c4                        _edata = .

.tm_clone_table
                0x200006c4        0x0 load address 0x0800aec4
 .tm_clone_table
                0x200006c4        0x0 I:/arm-gnu-toolchain-13.2.rel1-mingw-w64-i686-arm-none-eabi/arm-gnu-toolchain-13.2.Rel1-mingw-w64-i686-arm-none-eabi/bin/../lib/gcc/arm-none-eabi/13.2.1/thumb/v7-m/nofp/crtbegin.o
 .tm_clone_table
                0x200006c4        0x0 I:/arm-gnu-toolchain-13.2.rel1-mingw-w64-i686-arm-none-eabi/arm-gnu-toolchain-13.2.Rel1-mingw-w64-i686-arm-none-eabi/bin/../lib/gcc/arm-none-eabi/13.2.1/thumb/v7-m/nofp/crtend.o

.igot.plt       0x200006c4        0x0 load address 0x0800aec4
 .igot.plt      0x200006c4        0x0 I:/arm-gnu-toolchain-13.2.rel1-mingw-w64-i686-arm-none-eabi/arm-gnu-toolchain-13.2.Rel1-mingw-w64-i686-arm-none-eabi/bin/../lib/gcc/arm-none-eabi/13.2.1/thumb/v7-m/nofp/crtbegin.o
                0x200006c4                        . = ALIGN (0x4)

.bss            0x200006c4      0x568 load address 0x0800aec4
                0x200006c4                        _sbss = .
                0x200006c4                        __bss_start__ = _sbss
 *(.bss)
 *(.bss*)
 .bss.completed.1
                0x200006c4        0x1 I:/arm-gnu-toolchain-13.2.rel1-mingw-w64-i686-arm-none-eabi/arm-gnu-toolchain-13.2.Rel1-mingw-w64-i686-arm-none-eabi/bin/../lib/gcc/arm-none-eabi/13.2.1/thumb/v7-m/nofp/crtbegin.o
 *fill*         0x200006c5        0x3 
 .bss.object.0  0x200006c8       0x18 I:/arm-gnu-toolchain-13.2.rel1-mingw-w64-i686-arm-none-eabi/arm-gnu-toolchain-13.2.Rel1-mingw-w64-i686-arm-none-eabi/bin/../lib/gcc/arm-none-eabi/13.2.1/thumb/v7-m/nofp/crtbegin.o
 .bss.Start_Flag
                0x200006e0        0x1 CMakeFiles/C8T6_Balance.elf.dir/Core/Src/main.c.obj
                0x200006e0                Start_Flag
 .bss.USART1_RXbuff
                0x200006e1        0x1 CMakeFiles/C8T6_Balance.elf.dir/Core/Src/main.c.obj
                0x200006e1                USART1_RXbuff
 *fill*         0x200006e2        0x2 
 .bss.distance  0x200006e4        0x4 CMakeFiles/C8T6_Balance.elf.dir/Core/Src/main.c.obj
                0x200006e4                distance
 .bss.hspi1     0x200006e8       0x58 CMakeFiles/C8T6_Balance.elf.dir/Core/Src/spi.c.obj
                0x200006e8                hspi1
 .bss.msHcCount
                0x20000740        0x1 CMakeFiles/C8T6_Balance.elf.dir/Core/Src/stm32f1xx_it.c.obj
                0x20000740                msHcCount
 *fill*         0x20000741        0x3 
 .bss.__sbrk_heap_end
                0x20000744        0x4 CMakeFiles/C8T6_Balance.elf.dir/Core/Src/sysmem.c.obj
 .bss.htim4     0x20000748       0x48 CMakeFiles/C8T6_Balance.elf.dir/Core/Src/tim.c.obj
                0x20000748                htim4
 .bss.htim3     0x20000790       0x48 CMakeFiles/C8T6_Balance.elf.dir/Core/Src/tim.c.obj
                0x20000790                htim3
 .bss.htim2     0x200007d8       0x48 CMakeFiles/C8T6_Balance.elf.dir/Core/Src/tim.c.obj
                0x200007d8                htim2
 .bss.htim1     0x20000820       0x48 CMakeFiles/C8T6_Balance.elf.dir/Core/Src/tim.c.obj
                0x20000820                htim1
 .bss.huart3    0x20000868       0x48 CMakeFiles/C8T6_Balance.elf.dir/Core/Src/usart.c.obj
                0x20000868                huart3
 .bss.huart1    0x200008b0       0x48 CMakeFiles/C8T6_Balance.elf.dir/Core/Src/usart.c.obj
                0x200008b0                huart1
 .bss.uwTick    0x200008f8        0x4 CMakeFiles/C8T6_Balance.elf.dir/Drivers/STM32F1xx_HAL_Driver/Src/stm32f1xx_hal.c.obj
                0x200008f8                uwTick
 .bss.rx_buffer_1.0
                0x200008fc       0x14 CMakeFiles/C8T6_Balance.elf.dir/M_Algorithm/openmv_1.c.obj
 .bss.rx_counter_1.1
                0x20000910        0x1 CMakeFiles/C8T6_Balance.elf.dir/M_Algorithm/openmv_1.c.obj
 .bss.rx_state.2
                0x20000911        0x1 CMakeFiles/C8T6_Balance.elf.dir/M_Algorithm/openmv_1.c.obj
 .bss.color_type
                0x20000912        0x1 CMakeFiles/C8T6_Balance.elf.dir/M_Algorithm/openmv_1.c.obj
                0x20000912                color_type
 .bss.center_y  0x20000913        0x1 CMakeFiles/C8T6_Balance.elf.dir/M_Algorithm/openmv_1.c.obj
                0x20000913                center_y
 .bss.center_x  0x20000914        0x1 CMakeFiles/C8T6_Balance.elf.dir/M_Algorithm/openmv_1.c.obj
                0x20000914                center_x
 *fill*         0x20000915        0x3 
 .bss.__sf      0x20000918      0x138 I:/arm-gnu-toolchain-13.2.rel1-mingw-w64-i686-arm-none-eabi/arm-gnu-toolchain-13.2.Rel1-mingw-w64-i686-arm-none-eabi/bin/../lib/gcc/arm-none-eabi/13.2.1/thumb/v7-m/nofp\libg.a(libc_a-findfp.o)
                0x20000918                __sf
 .bss.__stdio_exit_handler
                0x20000a50        0x4 I:/arm-gnu-toolchain-13.2.rel1-mingw-w64-i686-arm-none-eabi/arm-gnu-toolchain-13.2.Rel1-mingw-w64-i686-arm-none-eabi/bin/../lib/gcc/arm-none-eabi/13.2.1/thumb/v7-m/nofp\libg.a(libc_a-findfp.o)
                0x20000a50                __stdio_exit_handler
 .bss.errno     0x20000a54        0x4 I:/arm-gnu-toolchain-13.2.rel1-mingw-w64-i686-arm-none-eabi/arm-gnu-toolchain-13.2.Rel1-mingw-w64-i686-arm-none-eabi/bin/../lib/gcc/arm-none-eabi/13.2.1/thumb/v7-m/nofp\libg.a(libc_a-reent.o)
                0x20000a54                errno
 .bss.__lock___malloc_recursive_mutex
                0x20000a58        0x1 I:/arm-gnu-toolchain-13.2.rel1-mingw-w64-i686-arm-none-eabi/arm-gnu-toolchain-13.2.Rel1-mingw-w64-i686-arm-none-eabi/bin/../lib/gcc/arm-none-eabi/13.2.1/thumb/v7-m/nofp\libg.a(libc_a-lock.o)
                0x20000a58                __lock___malloc_recursive_mutex
 *fill*         0x20000a59        0x3 
 .bss.__lock___atexit_recursive_mutex
                0x20000a5c        0x1 I:/arm-gnu-toolchain-13.2.rel1-mingw-w64-i686-arm-none-eabi/arm-gnu-toolchain-13.2.Rel1-mingw-w64-i686-arm-none-eabi/bin/../lib/gcc/arm-none-eabi/13.2.1/thumb/v7-m/nofp\libg.a(libc_a-lock.o)
                0x20000a5c                __lock___atexit_recursive_mutex
 *fill*         0x20000a5d        0x3 
 .bss.__lock___sfp_recursive_mutex
                0x20000a60        0x1 I:/arm-gnu-toolchain-13.2.rel1-mingw-w64-i686-arm-none-eabi/arm-gnu-toolchain-13.2.Rel1-mingw-w64-i686-arm-none-eabi/bin/../lib/gcc/arm-none-eabi/13.2.1/thumb/v7-m/nofp\libg.a(libc_a-lock.o)
                0x20000a60                __lock___sfp_recursive_mutex
 *fill*         0x20000a61        0x3 
 .bss.__atexit  0x20000a64        0x4 I:/arm-gnu-toolchain-13.2.rel1-mingw-w64-i686-arm-none-eabi/arm-gnu-toolchain-13.2.Rel1-mingw-w64-i686-arm-none-eabi/bin/../lib/gcc/arm-none-eabi/13.2.1/thumb/v7-m/nofp\libg.a(libc_a-__call_atexit.o)
                0x20000a64                __atexit
 .bss.__malloc_current_mallinfo
                0x20000a68       0x28 I:/arm-gnu-toolchain-13.2.rel1-mingw-w64-i686-arm-none-eabi/arm-gnu-toolchain-13.2.Rel1-mingw-w64-i686-arm-none-eabi/bin/../lib/gcc/arm-none-eabi/13.2.1/thumb/v7-m/nofp\libg.a(libc_a-mallocr.o)
                0x20000a68                __malloc_current_mallinfo
 .bss.__malloc_max_total_mem
                0x20000a90        0x4 I:/arm-gnu-toolchain-13.2.rel1-mingw-w64-i686-arm-none-eabi/arm-gnu-toolchain-13.2.Rel1-mingw-w64-i686-arm-none-eabi/bin/../lib/gcc/arm-none-eabi/13.2.1/thumb/v7-m/nofp\libg.a(libc_a-mallocr.o)
                0x20000a90                __malloc_max_total_mem
 .bss.__malloc_max_sbrked_mem
                0x20000a94        0x4 I:/arm-gnu-toolchain-13.2.rel1-mingw-w64-i686-arm-none-eabi/arm-gnu-toolchain-13.2.Rel1-mingw-w64-i686-arm-none-eabi/bin/../lib/gcc/arm-none-eabi/13.2.1/thumb/v7-m/nofp\libg.a(libc_a-mallocr.o)
                0x20000a94                __malloc_max_sbrked_mem
 .bss.__malloc_top_pad
                0x20000a98        0x4 I:/arm-gnu-toolchain-13.2.rel1-mingw-w64-i686-arm-none-eabi/arm-gnu-toolchain-13.2.Rel1-mingw-w64-i686-arm-none-eabi/bin/../lib/gcc/arm-none-eabi/13.2.1/thumb/v7-m/nofp\libg.a(libc_a-mallocr.o)
                0x20000a98                __malloc_top_pad
 .bss.__atexit0
                0x20000a9c      0x190 I:/arm-gnu-toolchain-13.2.rel1-mingw-w64-i686-arm-none-eabi/arm-gnu-toolchain-13.2.Rel1-mingw-w64-i686-arm-none-eabi/bin/../lib/gcc/arm-none-eabi/13.2.1/thumb/v7-m/nofp\libg.a(libc_a-__atexit.o)
                0x20000a9c                __atexit0
 *(COMMON)
                0x20000c2c                        . = ALIGN (0x4)
                0x20000c2c                        _ebss = .
                0x20000c2c                        __bss_end__ = _ebss

._user_heap_stack
                0x20000c2c      0x604 load address 0x0800aec4
                0x20000c30                        . = ALIGN (0x8)
 *fill*         0x20000c2c        0x4 
                [!provide]                        PROVIDE (end = .)
                0x20000c30                        PROVIDE (_end = .)
                0x20000e30                        . = (. + _Min_Heap_Size)
 *fill*         0x20000c30      0x200 
                0x20001230                        . = (. + _Min_Stack_Size)
 *fill*         0x20000e30      0x400 
                0x20001230                        . = ALIGN (0x8)

/DISCARD/
 libc.a(*)
 libm.a(*)
 libgcc.a(*)

.ARM.attributes
                0x00000000       0x29
 *(.ARM.attributes)
 .ARM.attributes
                0x00000000       0x1d I:/arm-gnu-toolchain-13.2.rel1-mingw-w64-i686-arm-none-eabi/arm-gnu-toolchain-13.2.Rel1-mingw-w64-i686-arm-none-eabi/bin/../lib/gcc/arm-none-eabi/13.2.1/thumb/v7-m/nofp/crti.o
 .ARM.attributes
                0x0000001d       0x2d I:/arm-gnu-toolchain-13.2.rel1-mingw-w64-i686-arm-none-eabi/arm-gnu-toolchain-13.2.Rel1-mingw-w64-i686-arm-none-eabi/bin/../lib/gcc/arm-none-eabi/13.2.1/thumb/v7-m/nofp/crtbegin.o
 .ARM.attributes
                0x0000004a       0x2d CMakeFiles/C8T6_Balance.elf.dir/Core/Src/gpio.c.obj
 .ARM.attributes
                0x00000077       0x2d CMakeFiles/C8T6_Balance.elf.dir/Core/Src/main.c.obj
 .ARM.attributes
                0x000000a4       0x2d CMakeFiles/C8T6_Balance.elf.dir/Core/Src/spi.c.obj
 .ARM.attributes
                0x000000d1       0x2d CMakeFiles/C8T6_Balance.elf.dir/Core/Src/stm32f1xx_hal_msp.c.obj
 .ARM.attributes
                0x000000fe       0x2d CMakeFiles/C8T6_Balance.elf.dir/Core/Src/stm32f1xx_it.c.obj
 .ARM.attributes
                0x0000012b       0x2d CMakeFiles/C8T6_Balance.elf.dir/Core/Src/syscalls.c.obj
 .ARM.attributes
                0x00000158       0x2d CMakeFiles/C8T6_Balance.elf.dir/Core/Src/sysmem.c.obj
 .ARM.attributes
                0x00000185       0x2d CMakeFiles/C8T6_Balance.elf.dir/Core/Src/system_stm32f1xx.c.obj
 .ARM.attributes
                0x000001b2       0x2d CMakeFiles/C8T6_Balance.elf.dir/Core/Src/tim.c.obj
 .ARM.attributes
                0x000001df       0x2d CMakeFiles/C8T6_Balance.elf.dir/Core/Src/usart.c.obj
 .ARM.attributes
                0x0000020c       0x21 CMakeFiles/C8T6_Balance.elf.dir/Core/Startup/startup_stm32f103c8tx.s.obj
 .ARM.attributes
                0x0000022d       0x2d CMakeFiles/C8T6_Balance.elf.dir/Drivers/STM32F1xx_HAL_Driver/Src/stm32f1xx_hal.c.obj
 .ARM.attributes
                0x0000025a       0x2d CMakeFiles/C8T6_Balance.elf.dir/Drivers/STM32F1xx_HAL_Driver/Src/stm32f1xx_hal_cortex.c.obj
 .ARM.attributes
                0x00000287       0x2d CMakeFiles/C8T6_Balance.elf.dir/Drivers/STM32F1xx_HAL_Driver/Src/stm32f1xx_hal_dma.c.obj
 .ARM.attributes
                0x000002b4       0x2d CMakeFiles/C8T6_Balance.elf.dir/Drivers/STM32F1xx_HAL_Driver/Src/stm32f1xx_hal_gpio.c.obj
 .ARM.attributes
                0x000002e1       0x2d CMakeFiles/C8T6_Balance.elf.dir/Drivers/STM32F1xx_HAL_Driver/Src/stm32f1xx_hal_rcc.c.obj
 .ARM.attributes
                0x0000030e       0x2d CMakeFiles/C8T6_Balance.elf.dir/Drivers/STM32F1xx_HAL_Driver/Src/stm32f1xx_hal_spi.c.obj
 .ARM.attributes
                0x0000033b       0x2d CMakeFiles/C8T6_Balance.elf.dir/Drivers/STM32F1xx_HAL_Driver/Src/stm32f1xx_hal_tim.c.obj
 .ARM.attributes
                0x00000368       0x2d CMakeFiles/C8T6_Balance.elf.dir/Drivers/STM32F1xx_HAL_Driver/Src/stm32f1xx_hal_tim_ex.c.obj
 .ARM.attributes
                0x00000395       0x2d CMakeFiles/C8T6_Balance.elf.dir/Drivers/STM32F1xx_HAL_Driver/Src/stm32f1xx_hal_uart.c.obj
 .ARM.attributes
                0x000003c2       0x2d CMakeFiles/C8T6_Balance.elf.dir/M_Algorithm/openmv_1.c.obj
 .ARM.attributes
                0x000003ef       0x2d CMakeFiles/C8T6_Balance.elf.dir/M_BSP/HCSR04.c.obj
 .ARM.attributes
                0x0000041c       0x2d CMakeFiles/C8T6_Balance.elf.dir/M_BSP/pca9685.c.obj
 .ARM.attributes
                0x00000449       0x2d CMakeFiles/C8T6_Balance.elf.dir/M_BSP/robot_config.c.obj
 .ARM.attributes
                0x00000476       0x1d I:/arm-gnu-toolchain-13.2.rel1-mingw-w64-i686-arm-none-eabi/arm-gnu-toolchain-13.2.Rel1-mingw-w64-i686-arm-none-eabi/bin/../lib/gcc/arm-none-eabi/13.2.1/thumb/v7-m/nofp\libgcc.a(_arm_addsubdf3.o)
 .ARM.attributes
                0x00000493       0x1d I:/arm-gnu-toolchain-13.2.rel1-mingw-w64-i686-arm-none-eabi/arm-gnu-toolchain-13.2.Rel1-mingw-w64-i686-arm-none-eabi/bin/../lib/gcc/arm-none-eabi/13.2.1/thumb/v7-m/nofp\libgcc.a(_arm_muldivdf3.o)
 .ARM.attributes
                0x000004b0       0x1d I:/arm-gnu-toolchain-13.2.rel1-mingw-w64-i686-arm-none-eabi/arm-gnu-toolchain-13.2.Rel1-mingw-w64-i686-arm-none-eabi/bin/../lib/gcc/arm-none-eabi/13.2.1/thumb/v7-m/nofp\libgcc.a(_arm_cmpdf2.o)
 .ARM.attributes
                0x000004cd       0x1d I:/arm-gnu-toolchain-13.2.rel1-mingw-w64-i686-arm-none-eabi/arm-gnu-toolchain-13.2.Rel1-mingw-w64-i686-arm-none-eabi/bin/../lib/gcc/arm-none-eabi/13.2.1/thumb/v7-m/nofp\libgcc.a(_arm_fixunsdfsi.o)
 .ARM.attributes
                0x000004ea       0x1d I:/arm-gnu-toolchain-13.2.rel1-mingw-w64-i686-arm-none-eabi/arm-gnu-toolchain-13.2.Rel1-mingw-w64-i686-arm-none-eabi/bin/../lib/gcc/arm-none-eabi/13.2.1/thumb/v7-m/nofp\libgcc.a(_arm_addsubsf3.o)
 .ARM.attributes
                0x00000507       0x1d I:/arm-gnu-toolchain-13.2.rel1-mingw-w64-i686-arm-none-eabi/arm-gnu-toolchain-13.2.Rel1-mingw-w64-i686-arm-none-eabi/bin/../lib/gcc/arm-none-eabi/13.2.1/thumb/v7-m/nofp\libgcc.a(_arm_muldivsf3.o)
 .ARM.attributes
                0x00000524       0x2d I:/arm-gnu-toolchain-13.2.rel1-mingw-w64-i686-arm-none-eabi/arm-gnu-toolchain-13.2.Rel1-mingw-w64-i686-arm-none-eabi/bin/../lib/gcc/arm-none-eabi/13.2.1/thumb/v7-m/nofp\libg.a(libc_a-findfp.o)
 .ARM.attributes
                0x00000551       0x2d I:/arm-gnu-toolchain-13.2.rel1-mingw-w64-i686-arm-none-eabi/arm-gnu-toolchain-13.2.Rel1-mingw-w64-i686-arm-none-eabi/bin/../lib/gcc/arm-none-eabi/13.2.1/thumb/v7-m/nofp\libg.a(libc_a-fwalk.o)
 .ARM.attributes
                0x0000057e       0x2d I:/arm-gnu-toolchain-13.2.rel1-mingw-w64-i686-arm-none-eabi/arm-gnu-toolchain-13.2.Rel1-mingw-w64-i686-arm-none-eabi/bin/../lib/gcc/arm-none-eabi/13.2.1/thumb/v7-m/nofp\libg.a(libc_a-printf.o)
 .ARM.attributes
                0x000005ab       0x2d I:/arm-gnu-toolchain-13.2.rel1-mingw-w64-i686-arm-none-eabi/arm-gnu-toolchain-13.2.Rel1-mingw-w64-i686-arm-none-eabi/bin/../lib/gcc/arm-none-eabi/13.2.1/thumb/v7-m/nofp\libg.a(libc_a-puts.o)
 .ARM.attributes
                0x000005d8       0x2d I:/arm-gnu-toolchain-13.2.rel1-mingw-w64-i686-arm-none-eabi/arm-gnu-toolchain-13.2.Rel1-mingw-w64-i686-arm-none-eabi/bin/../lib/gcc/arm-none-eabi/13.2.1/thumb/v7-m/nofp\libg.a(libc_a-stdio.o)
 .ARM.attributes
                0x00000605       0x2d I:/arm-gnu-toolchain-13.2.rel1-mingw-w64-i686-arm-none-eabi/arm-gnu-toolchain-13.2.Rel1-mingw-w64-i686-arm-none-eabi/bin/../lib/gcc/arm-none-eabi/13.2.1/thumb/v7-m/nofp\libg.a(libc_a-memset.o)
 .ARM.attributes
                0x00000632       0x2d I:/arm-gnu-toolchain-13.2.rel1-mingw-w64-i686-arm-none-eabi/arm-gnu-toolchain-13.2.Rel1-mingw-w64-i686-arm-none-eabi/bin/../lib/gcc/arm-none-eabi/13.2.1/thumb/v7-m/nofp\libg.a(libc_a-closer.o)
 .ARM.attributes
                0x0000065f       0x2d I:/arm-gnu-toolchain-13.2.rel1-mingw-w64-i686-arm-none-eabi/arm-gnu-toolchain-13.2.Rel1-mingw-w64-i686-arm-none-eabi/bin/../lib/gcc/arm-none-eabi/13.2.1/thumb/v7-m/nofp\libg.a(libc_a-reent.o)
 .ARM.attributes
                0x0000068c       0x2d I:/arm-gnu-toolchain-13.2.rel1-mingw-w64-i686-arm-none-eabi/arm-gnu-toolchain-13.2.Rel1-mingw-w64-i686-arm-none-eabi/bin/../lib/gcc/arm-none-eabi/13.2.1/thumb/v7-m/nofp\libg.a(libc_a-impure.o)
 .ARM.attributes
                0x000006b9       0x2d I:/arm-gnu-toolchain-13.2.rel1-mingw-w64-i686-arm-none-eabi/arm-gnu-toolchain-13.2.Rel1-mingw-w64-i686-arm-none-eabi/bin/../lib/gcc/arm-none-eabi/13.2.1/thumb/v7-m/nofp\libg.a(libc_a-lseekr.o)
 .ARM.attributes